******************************************************************************
                  TI ARM Linker PC v20.2.7                     
******************************************************************************
>> Linked Sat Feb 21 17:05:15 2026

OUTPUT FILE NAME:   <wireless.out>
ENTRY POINT SYMBOL: "_c_int00_noargs"  address: 000036ad


MEMORY CONFIGURATION

         name            origin    length      used     unused   attr    fill
----------------------  --------  ---------  --------  --------  ----  --------
  FLASH                 00000000   00040000  000039c8  0003c638  R  X
  SRAM                  20000000   00008000  00002344  00005cbc  RW X


SEGMENT ALLOCATION MAP

run origin  load origin   length   init length attrs members
----------  ----------- ---------- ----------- ----- -------
00000000    00000000    000039c8   000039c8    r-x
  00000000    00000000    0000026c   0000026c    r-- .intvecs
  0000026c    0000026c    00003584   00003584    r-x .text
  000037f0    000037f0    00000158   00000158    r-- .const
  00003948    00003948    00000080   00000080    r-- .cinit
20000000    20000000    00002348   00000000    rw-
  20000000    20000000    0000209c   00000000    rw- .bss
  200020a0    200020a0    00000200   00000000    rw- .stack
  200022a0    200022a0    000000a8   00000000    rw- .data


SECTION ALLOCATION MAP

 output                                  attributes/
section   page    origin      length       input sections
--------  ----  ----------  ----------   ----------------
.intvecs   0    00000000    0000026c     
                  00000000    0000026c     tm4c123gh6pm_startup_ccs.obj (.intvecs)

.text      0    0000026c    00003584     
                  0000026c    00000808     gpio.obj (.text)
                  00000a74    00000738     rtsv7M4_T_le_v4SPD16_eabi.lib : k_rem_pio2.c.obj (.text:__kernel_rem_pio2)
                  000011ac    00000694     wireless.obj (.text)
                  00001840    000005e0     rtsv7M4_T_le_v4SPD16_eabi.lib : s_sin.c.obj (.text:sin)
                  00001e20    0000053c     shell_interface.obj (.text)
                  0000235c    000003d4     interface_functions.obj (.text)
                  00002730    000001b6     rtsv7M4_T_le_v4SPD16_eabi.lib : fd_add_t2.asm.obj (.text)
                  000028e6    00000002                                   : _lock.c.obj (.text:_nop)
                  000028e8    00000174                                   : k_sin.c.obj (.text:__kernel_sin)
                  00002a5c    00000170                                   : k_cos.c.obj (.text:__kernel_cos)
                  00002bcc    00000164     uart0.obj (.text)
                  00002d30    00000160     spi1.obj (.text)
                  00002e90    00000110     rtsv7M4_T_le_v4SPD16_eabi.lib : s_scalbn.c.obj (.text:scalbn)
                  00002fa0    000000fc                                   : fd_mul_t2.asm.obj (.text)
                  0000309c    000000f8                                   : s_floor.c.obj (.text:floor)
                  00003194    0000009c                                   : memcpy_t2.asm.obj (.text)
                  00003230    00000086                                   : fd_cmp_t2.asm.obj (.text:__aeabi_cdcmple)
                  000032b6    00000086                                   : fd_cmp_t2.asm.obj (.text:__aeabi_cdrcmple)
                  0000333c    00000080                                   : s_floorf.c.obj (.text:floorf)
                  000033bc    0000007a                                   : memset_t2.asm.obj (.text)
                  00003436    0000006e                                   : s_roundf.c.obj (.text:roundf)
                  000034a4    0000006e                                   : fd_tos_t2.asm.obj (.text)
                  00003512    00000002     --HOLE-- [fill = 0]
                  00003514    0000006c     main.obj (.text)
                  00003580    00000068     rtsv7M4_T_le_v4SPD16_eabi.lib : copy_decompress_lzss.c.obj (.text:decompress:lzss:__TI_decompress_lzss)
                  000035e8    00000048                                   : fd_toi_t2.asm.obj (.text)
                  00003630    00000044                                   : autoinit.c.obj (.text:__TI_auto_init_nobinit_nopinit:__TI_auto_init_nobinit_nopinit)
                  00003674    00000038                                   : fs_tod_t2.asm.obj (.text)
                  000036ac    00000034                                   : boot_cortex_m.c.obj (.text:_c_int00_noargs:_c_int00_noargs)
                  000036e0    00000034                                   : rand.c.obj (.text:rand)
                  00003714    0000002e                                   : i_tofd_t2.asm.obj (.text)
                  00003742    00000002     --HOLE-- [fill = 0]
                  00003744    0000002c     systick.obj (.text)
                  00003770    0000001e     rtsv7M4_T_le_v4SPD16_eabi.lib : ll_lsr_t2.asm.obj (.text)
                  0000378e    0000001a                                   : s_copysign.c.obj (.text:copysign)
                  000037a8    00000010     clock.obj (.text)
                  000037b8    0000000e     rtsv7M4_T_le_v4SPD16_eabi.lib : copy_decompress_none.c.obj (.text:decompress:none:__TI_decompress_none)
                  000037c6    0000000c                                   : copy_zero_init.c.obj (.text:decompress:ZI:__TI_zero_init)
                  000037d2    0000000c     tm4c123gh6pm_startup_ccs.obj (.text)
                  000037de    00000002     --HOLE-- [fill = 0]
                  000037e0    00000008     rtsv7M4_T_le_v4SPD16_eabi.lib : errno.c.obj (.text:__aeabi_errno_addr)
                  000037e8    00000004                                   : pre_init.c.obj (.text:_system_pre_init)
                  000037ec    00000004                                   : exit.c.obj (.text:abort:abort)

.const     0    000037f0    00000158     
                  000037f0    00000158     rtsv7M4_T_le_v4SPD16_eabi.lib : k_rem_pio2.c.obj (.const:$O1$$)

.cinit     0    00003948    00000080     
                  00003948    00000057     (.cinit..data.load) [load image, compression = lzss]
                  0000399f    00000001     --HOLE-- [fill = 0]
                  000039a0    0000000c     (__TI_handler_table)
                  000039ac    00000004     --HOLE-- [fill = 0]
                  000039b0    00000008     (.cinit..bss.load) [load image, compression = zero_init]
                  000039b8    00000010     (__TI_cinit_table)

.init_array 
*          0    00000000    00000000     UNINITIALIZED

.bss       0    20000000    0000209c     UNINITIALIZED
                  20000000    00002000     (.common:sineDacTable)
                  20002000    00000040     (.common:StoredBpsk)
                  20002040    00000020     (.common:StoredQpsk)
                  20002060    00000018     (.common:StoredEpsk)
                  20002078    00000010     (.common:StoredQam)
                  20002088    00000008     (.common:r)
                  20002090    00000004     (.common:dcI)
                  20002094    00000004     (.common:dcQ)
                  20002098    00000002     (.common:rawI)
                  2000209a    00000002     (.common:rawQ)

.data      0    200022a0    000000a8     UNINITIALIZED
                  200022a0    00000027     wireless.obj (.data)
                  200022c7    00000001     --HOLE--
                  200022c8    00000020     wireless.obj (.data:Iqam)
                  200022e8    00000020     wireless.obj (.data:Qqam)
                  20002308    00000010     wireless.obj (.data:Iepsk)
                  20002318    00000010     wireless.obj (.data:Qepsk)
                  20002328    00000008     rtsv7M4_T_le_v4SPD16_eabi.lib : _lock.c.obj (.data:$O1$$)
                  20002330    00000008     wireless.obj (.data:Iqpsk)
                  20002338    00000008     wireless.obj (.data:Qqpsk)
                  20002340    00000004     rtsv7M4_T_le_v4SPD16_eabi.lib : errno.c.obj (.data)
                  20002344    00000004                                   : rand.c.obj (.data)

.stack     0    200020a0    00000200     UNINITIALIZED
                  200020a0    00000004     rtsv7M4_T_le_v4SPD16_eabi.lib : boot_cortex_m.c.obj (.stack)
                  200020a4    000001fc     --HOLE--

__llvm_prf_cnts 
*          0    20000000    00000000     UNINITIALIZED

MODULE SUMMARY

       Module                         code    ro data   rw data
       ------                         ----    -------   -------
    .\
       wireless.obj                   1684    0         8499   
       gpio.obj                       2056    0         0      
       shell_interface.obj            1340    0         0      
       interface_functions.obj        980     0         0      
       tm4c123gh6pm_startup_ccs.obj   12      620       0      
       uart0.obj                      356     0         0      
       spi1.obj                       352     0         0      
       main.obj                       108     0         0      
       systick.obj                    44      0         0      
       clock.obj                      16      0         0      
    +--+------------------------------+-------+---------+---------+
       Total:                         6948    620       8499   
                                                               
    C:\ti\ccs1281\ccs\tools\compiler\ti-cgt-arm_20.2.7.LTS\lib\rtsv7M4_T_le_v4SPD16_eabi.lib
       k_rem_pio2.c.obj               1848    344       0      
       s_sin.c.obj                    1504    0         0      
       fd_add_t2.asm.obj              438     0         0      
       k_sin.c.obj                    372     0         0      
       k_cos.c.obj                    368     0         0      
       s_scalbn.c.obj                 272     0         0      
       fd_cmp_t2.asm.obj              268     0         0      
       fd_mul_t2.asm.obj              252     0         0      
       s_floor.c.obj                  248     0         0      
       memcpy_t2.asm.obj              156     0         0      
       s_floorf.c.obj                 128     0         0      
       memset_t2.asm.obj              122     0         0      
       fd_tos_t2.asm.obj              110     0         0      
       s_roundf.c.obj                 110     0         0      
       copy_decompress_lzss.c.obj     104     0         0      
       fd_toi_t2.asm.obj              72      0         0      
       autoinit.c.obj                 68      0         0      
       fs_tod_t2.asm.obj              56      0         0      
       rand.c.obj                     52      0         4      
       boot_cortex_m.c.obj            52      0         0      
       i_tofd_t2.asm.obj              46      0         0      
       ll_lsr_t2.asm.obj              30      0         0      
       s_copysign.c.obj               26      0         0      
       copy_decompress_none.c.obj     14      0         0      
       copy_zero_init.c.obj           12      0         0      
       errno.c.obj                    8       0         4      
       _lock.c.obj                    2       0         8      
       exit.c.obj                     4       0         0      
       pre_init.c.obj                 4       0         0      
    +--+------------------------------+-------+---------+---------+
       Total:                         6746    344       16     
                                                               
       Stack:                         0       0         512    
       Linker Generated:              0       123       0      
    +--+------------------------------+-------+---------+---------+
       Grand Total:                   13694   1087      9027   


LINKER GENERATED COPY TABLES

__TI_cinit_table @ 000039b8 records: 2, size/record: 8, table size: 16
	.data: load addr=00003948, load size=00000057 bytes, run addr=200022a0, run size=000000a8 bytes, compression=lzss
	.bss: load addr=000039b0, load size=00000008 bytes, run addr=20000000, run size=0000209c bytes, compression=zero_init


LINKER GENERATED HANDLER TABLE

__TI_handler_table @ 000039a0 records: 3, size/record: 4, table size: 12
	index: 0, handler: __TI_decompress_lzss
	index: 1, handler: __TI_decompress_none
	index: 2, handler: __TI_zero_init


GLOBAL SYMBOLS: SORTED ALPHABETICALLY BY Name 

address   name                          
-------   ----                          
000037ed  C$$EXIT                       
0000267d  HexToU32                      
00001241  ISR                           
20002308  Iepsk                         
200022c8  Iqam                          
20002330  Iqpsk                         
000025a5  LenOfStr                      
20002318  Qepsk                         
200022e8  Qqam                          
20002338  Qqpsk                         
200022a6  ReadConstellation             
000037d3  ResetISR                      
20002000  StoredBpsk                    
20002060  StoredEpsk                    
20002078  StoredQam                     
20002040  StoredQpsk                    
000025c9  Stringcmpr                    
200022a2  SymbolCount                   
200022a0  SymbolStored                  
200022a0  __STACK_END                   
00000200  __STACK_SIZE                  
200022a0  __STACK_TOP                   
000039b8  __TI_CINIT_Base               
000039c8  __TI_CINIT_Limit              
000039a0  __TI_Handler_Table_Base       
000039ac  __TI_Handler_Table_Limit      
00003631  __TI_auto_init_nobinit_nopinit
00003581  __TI_decompress_lzss          
000037b9  __TI_decompress_none          
ffffffff  __TI_pprof_out_hndl           
ffffffff  __TI_prof_data_size           
ffffffff  __TI_prof_data_start          
00000000  __TI_static_base__            
000037c7  __TI_zero_init                
00003231  __aeabi_cdcmpeq               
00003231  __aeabi_cdcmple               
000032b7  __aeabi_cdrcmple              
000034a5  __aeabi_d2f                   
000035e9  __aeabi_d2iz                  
0000273b  __aeabi_dadd                  
00002fa1  __aeabi_dmul                  
00002731  __aeabi_dsub                  
000037e1  __aeabi_errno_addr            
00003675  __aeabi_f2d                   
00003715  __aeabi_i2d                   
00003771  __aeabi_llsr                  
000033bd  __aeabi_memclr                
000033bd  __aeabi_memclr4               
000033bd  __aeabi_memclr8               
00003195  __aeabi_memcpy                
00003195  __aeabi_memcpy4               
00003195  __aeabi_memcpy8               
000033bf  __aeabi_memset                
000033bf  __aeabi_memset4               
000033bf  __aeabi_memset8               
ffffffff  __binit__                     
ffffffff  __c_args__                    
00002a5d  __kernel_cos                  
00000a75  __kernel_rem_pio2             
000028e9  __kernel_sin                  
UNDEFED   __mpu_init                    
200020a0  __stack                       
20000000  __start___llvm_prf_cnts       
20000000  __stop___llvm_prf_cnts        
000036ad  _c_int00_noargs               
20002328  _lock                         
000028e7  _nop                          
UNDEFED   _system_post_cinit            
000037e9  _system_pre_init              
2000232c  _unlock                       
000037ed  abort                         
ffffffff  binit                         
200022a8  bpskSymbol                    
000008c1  clearPinInterrupt             
0000378f  copysign                      
0000378f  copysignl                     
20002090  dcI                           
20002094  dcQ                           
200022b4  delta_phase                   
0000089d  disablePinInterrupt           
000005d5  disablePinPulldown            
0000058d  disablePinPullup              
00000329  disablePort                   
00000879  enablePinInterrupt            
000005b1  enablePinPulldown             
0000055f  enablePinPullup               
0000026d  enablePort                    
20002340  errno                         
0000309d  floor                         
0000333d  floorf                        
0000309d  floorl                        
200022b8  freq_o                        
200022ac  frequency                     
00000000  g_pfnVectors                  
000024f9  getFieldChar                  
000024b9  getFieldInteger               
00002573  getFieldString                
0000092f  getPinValue                   
000009e5  getPortValue                  
00002ccd  getcUart0                     
0000235d  getsUart0                     
00002d31  initSpi1                      
000037a9  initSystemClockTo40Mhz        
00002bcd  initUart0                     
00003745  init_SysTick                  
00003515  intHW                         
000025ff  isCommand                     
00002ce1  kbhitUart0                    
000011ef  ldac_off                      
000011e1  ldac_on                       
00002e91  ldexp                         
00002e91  ldexpl                        
00003553  main                          
00003195  memcpy                        
000033c5  memset                        
200022a4  mode                          
000015ff  mvToV                         
000016c1  numberTransmitted             
000023d9  parseFields                   
200022b0  phase                         
200022c0  phaseCosine                   
200022bc  phaseSine                     
00002c85  putcUart0                     
00002ca1  putsUart0                     
20002088  r                             
000036e1  rand                          
20002098  rawI                          
2000209a  rawQ                          
00002e6b  readSpi1Data                  
00003437  roundf                        
00002e91  scalbn                        
00002e91  scalbnl                       
00000493  selectPinAnalogInput          
00000445  selectPinDigitalInput         
000007af  selectPinInterruptBothEdges   
0000075f  selectPinInterruptFallingEdge 
00000805  selectPinInterruptHighLevel   
0000083f  selectPinInterruptLowLevel    
0000070f  selectPinInterruptRisingEdge  
000003f7  selectPinOpenDrainOutput      
000003a9  selectPinPushPullOutput       
00001635  sendDacI                      
0000166d  sendDacQ                      
000011ad  setPhase                      
000005fd  setPinAuxFunction             
000004e3  setPinCommitControl           
000008e5  setPinValue                   
0000096d  setPortValue                  
00002dc1  setSpi1BaudRate               
00002df7  setSpi1Mode                   
00002c41  setUart0BaudRate              
00001e21  shell                         
00001841  sin                           
20000000  sineDacTable                  
00001559  sine_values                   
00001841  sinl                          
00002539  stringToInt                   
0000090b  togglePinValue                
000014d1  voltageToDacCode              
000011fd  writeDacAB                    
00002e53  writeSpi1Data                 


GLOBAL SYMBOLS: SORTED BY Symbol Address 

address   name                          
-------   ----                          
00000000  __TI_static_base__            
00000000  g_pfnVectors                  
00000200  __STACK_SIZE                  
0000026d  enablePort                    
00000329  disablePort                   
000003a9  selectPinPushPullOutput       
000003f7  selectPinOpenDrainOutput      
00000445  selectPinDigitalInput         
00000493  selectPinAnalogInput          
000004e3  setPinCommitControl           
0000055f  enablePinPullup               
0000058d  disablePinPullup              
000005b1  enablePinPulldown             
000005d5  disablePinPulldown            
000005fd  setPinAuxFunction             
0000070f  selectPinInterruptRisingEdge  
0000075f  selectPinInterruptFallingEdge 
000007af  selectPinInterruptBothEdges   
00000805  selectPinInterruptHighLevel   
0000083f  selectPinInterruptLowLevel    
00000879  enablePinInterrupt            
0000089d  disablePinInterrupt           
000008c1  clearPinInterrupt             
000008e5  setPinValue                   
0000090b  togglePinValue                
0000092f  getPinValue                   
0000096d  setPortValue                  
000009e5  getPortValue                  
00000a75  __kernel_rem_pio2             
000011ad  setPhase                      
000011e1  ldac_on                       
000011ef  ldac_off                      
000011fd  writeDacAB                    
00001241  ISR                           
000014d1  voltageToDacCode              
00001559  sine_values                   
000015ff  mvToV                         
00001635  sendDacI                      
0000166d  sendDacQ                      
000016c1  numberTransmitted             
00001841  sin                           
00001841  sinl                          
00001e21  shell                         
0000235d  getsUart0                     
000023d9  parseFields                   
000024b9  getFieldInteger               
000024f9  getFieldChar                  
00002539  stringToInt                   
00002573  getFieldString                
000025a5  LenOfStr                      
000025c9  Stringcmpr                    
000025ff  isCommand                     
0000267d  HexToU32                      
00002731  __aeabi_dsub                  
0000273b  __aeabi_dadd                  
000028e7  _nop                          
000028e9  __kernel_sin                  
00002a5d  __kernel_cos                  
00002bcd  initUart0                     
00002c41  setUart0BaudRate              
00002c85  putcUart0                     
00002ca1  putsUart0                     
00002ccd  getcUart0                     
00002ce1  kbhitUart0                    
00002d31  initSpi1                      
00002dc1  setSpi1BaudRate               
00002df7  setSpi1Mode                   
00002e53  writeSpi1Data                 
00002e6b  readSpi1Data                  
00002e91  ldexp                         
00002e91  ldexpl                        
00002e91  scalbn                        
00002e91  scalbnl                       
00002fa1  __aeabi_dmul                  
0000309d  floor                         
0000309d  floorl                        
00003195  __aeabi_memcpy                
00003195  __aeabi_memcpy4               
00003195  __aeabi_memcpy8               
00003195  memcpy                        
00003231  __aeabi_cdcmpeq               
00003231  __aeabi_cdcmple               
000032b7  __aeabi_cdrcmple              
0000333d  floorf                        
000033bd  __aeabi_memclr                
000033bd  __aeabi_memclr4               
000033bd  __aeabi_memclr8               
000033bf  __aeabi_memset                
000033bf  __aeabi_memset4               
000033bf  __aeabi_memset8               
000033c5  memset                        
00003437  roundf                        
000034a5  __aeabi_d2f                   
00003515  intHW                         
00003553  main                          
00003581  __TI_decompress_lzss          
000035e9  __aeabi_d2iz                  
00003631  __TI_auto_init_nobinit_nopinit
00003675  __aeabi_f2d                   
000036ad  _c_int00_noargs               
000036e1  rand                          
00003715  __aeabi_i2d                   
00003745  init_SysTick                  
00003771  __aeabi_llsr                  
0000378f  copysign                      
0000378f  copysignl                     
000037a9  initSystemClockTo40Mhz        
000037b9  __TI_decompress_none          
000037c7  __TI_zero_init                
000037d3  ResetISR                      
000037e1  __aeabi_errno_addr            
000037e9  _system_pre_init              
000037ed  C$$EXIT                       
000037ed  abort                         
000039a0  __TI_Handler_Table_Base       
000039ac  __TI_Handler_Table_Limit      
000039b8  __TI_CINIT_Base               
000039c8  __TI_CINIT_Limit              
20000000  __start___llvm_prf_cnts       
20000000  __stop___llvm_prf_cnts        
20000000  sineDacTable                  
20002000  StoredBpsk                    
20002040  StoredQpsk                    
20002060  StoredEpsk                    
20002078  StoredQam                     
20002088  r                             
20002090  dcI                           
20002094  dcQ                           
20002098  rawI                          
2000209a  rawQ                          
200020a0  __stack                       
200022a0  SymbolStored                  
200022a0  __STACK_END                   
200022a0  __STACK_TOP                   
200022a2  SymbolCount                   
200022a4  mode                          
200022a6  ReadConstellation             
200022a8  bpskSymbol                    
200022ac  frequency                     
200022b0  phase                         
200022b4  delta_phase                   
200022b8  freq_o                        
200022bc  phaseSine                     
200022c0  phaseCosine                   
200022c8  Iqam                          
200022e8  Qqam                          
20002308  Iepsk                         
20002318  Qepsk                         
20002328  _lock                         
2000232c  _unlock                       
20002330  Iqpsk                         
20002338  Qqpsk                         
20002340  errno                         
ffffffff  __TI_pprof_out_hndl           
ffffffff  __TI_prof_data_size           
ffffffff  __TI_prof_data_start          
ffffffff  __binit__                     
ffffffff  __c_args__                    
ffffffff  binit                         
UNDEFED   __mpu_init                    
UNDEFED   _system_post_cinit            

[161 symbols]
