******************************************************************************
                  TI ARM Linker PC v20.2.7                     
******************************************************************************
>> Linked Mon Feb 23 19:58:55 2026

OUTPUT FILE NAME:   <wireless.out>
ENTRY POINT SYMBOL: "_c_int00_noargs"  address: 00002455


MEMORY CONFIGURATION

         name            origin    length      used     unused   attr    fill
----------------------  --------  ---------  --------  --------  ----  --------
  FLASH                 00000000   00040000  0000262c  0003d9d4  R  X
  SRAM                  20000000   00008000  000024d8  00005b28  RW X


SEGMENT ALLOCATION MAP

run origin  load origin   length   init length attrs members
----------  ----------- ---------- ----------- ----- -------
00000000    00000000    00002630   00002630    r-x
  00000000    00000000    0000026c   0000026c    r-- .intvecs
  0000026c    0000026c    000022c8   000022c8    r-x .text
  00002538    00002538    000000f8   000000f8    r-- .cinit
20000000    20000000    000024d8   00000000    rw-
  20000000    20000000    00002188   00000000    rw- .bss
  20002188    20002188    00000200   00000000    rw- .stack
  20002388    20002388    00000150   00000000    rw- .data


SECTION ALLOCATION MAP

 output                                  attributes/
section   page    origin      length       input sections
--------  ----  ----------  ----------   ----------------
.intvecs   0    00000000    0000026c     
                  00000000    0000026c     tm4c123gh6pm_startup_ccs.obj (.intvecs)

.text      0    0000026c    000022c8     
                  0000026c    00000a64     wireless.obj (.text)
                  00000cd0    00000808     gpio.obj (.text)
                  000014d8    00000524     shell_interface.obj (.text)
                  000019fc    000003d4     interface_functions.obj (.text)
                  00001dd0    00000164     uart0.obj (.text)
                  00001f34    00000160     spi1.obj (.text)
                  00002094    000000a4     rtsv7M4_T_le_v4SPD16_eabi.lib : s_sinf.c.obj (.text:sinf)
                  00002138    0000009c                                   : memcpy_t2.asm.obj (.text)
                  000021d4    00000080                                   : s_floorf.c.obj (.text:floorf)
                  00002254    0000007a                                   : memset_t2.asm.obj (.text)
                  000022ce    0000006e                                   : s_roundf.c.obj (.text:roundf)
                  0000233c    0000006c     main.obj (.text)
                  000023a8    00000068     rtsv7M4_T_le_v4SPD16_eabi.lib : copy_decompress_lzss.c.obj (.text:decompress:lzss:__TI_decompress_lzss)
                  00002410    00000044                                   : autoinit.c.obj (.text:__TI_auto_init_nobinit_nopinit:__TI_auto_init_nobinit_nopinit)
                  00002454    00000034                                   : boot_cortex_m.c.obj (.text:_c_int00_noargs:_c_int00_noargs)
                  00002488    00000034                                   : rand.c.obj (.text:rand)
                  000024bc    0000002c     systick.obj (.text)
                  000024e8    0000001c     clock80.obj (.text)
                  00002504    0000000e     rtsv7M4_T_le_v4SPD16_eabi.lib : copy_decompress_none.c.obj (.text:decompress:none:__TI_decompress_none)
                  00002512    0000000c                                   : copy_zero_init.c.obj (.text:decompress:ZI:__TI_zero_init)
                  0000251e    0000000c     tm4c123gh6pm_startup_ccs.obj (.text)
                  0000252a    00000004     rtsv7M4_T_le_v4SPD16_eabi.lib : pre_init.c.obj (.text:_system_pre_init)
                  0000252e    00000004                                   : exit.c.obj (.text:abort:abort)
                  00002532    00000002                                   : _lock.c.obj (.text:_nop)

.cinit     0    00002538    000000f8     
                  00002538    000000d1     (.cinit..data.load) [load image, compression = lzss]
                  00002609    00000003     --HOLE-- [fill = 0]
                  0000260c    0000000c     (__TI_handler_table)
                  00002618    00000008     (.cinit..bss.load) [load image, compression = zero_init]
                  00002620    00000010     (__TI_cinit_table)

.init_array 
*          0    00000000    00000000     UNINITIALIZED

.bss       0    20000000    00002188     UNINITIALIZED
                  20000000    00002000     (.common:sineDacTable)
                  20002000    00000100     (.common:input)
                  20002100    00000044     wireless.obj (.bss:iHist)
                  20002144    00000044     wireless.obj (.bss:qHist)

.data      0    20002388    00000150     UNINITIALIZED
                  20002388    00000084     wireless.obj (.data:RRCfilter)
                  2000240c    0000004e     wireless.obj (.data)
                  2000245a    00000020     wireless.obj (.data:Iqam)
                  2000247a    00000020     wireless.obj (.data:Qqam)
                  2000249a    00000010     wireless.obj (.data:Iepsk)
                  200024aa    00000010     wireless.obj (.data:Qepsk)
                  200024ba    00000002     --HOLE--
                  200024bc    00000008     rtsv7M4_T_le_v4SPD16_eabi.lib : _lock.c.obj (.data:$O1$$)
                  200024c4    00000008     wireless.obj (.data:Iqpsk)
                  200024cc    00000008     wireless.obj (.data:Qqpsk)
                  200024d4    00000004     rtsv7M4_T_le_v4SPD16_eabi.lib : rand.c.obj (.data)

.stack     0    20002188    00000200     UNINITIALIZED
                  20002188    00000004     rtsv7M4_T_le_v4SPD16_eabi.lib : boot_cortex_m.c.obj (.stack)
                  2000218c    000001fc     --HOLE--

__llvm_prf_cnts 
*          0    20000000    00000000     UNINITIALIZED

MODULE SUMMARY

       Module                         code   ro data   rw data
       ------                         ----   -------   -------
    .\
       wireless.obj                   2660   0         8650   
       gpio.obj                       2056   0         0      
       shell_interface.obj            1316   0         256    
       interface_functions.obj        980    0         0      
       tm4c123gh6pm_startup_ccs.obj   12     620       0      
       uart0.obj                      356    0         0      
       spi1.obj                       352    0         0      
       main.obj                       108    0         0      
       systick.obj                    44     0         0      
       clock80.obj                    28     0         0      
    +--+------------------------------+------+---------+---------+
       Total:                         7912   620       8906   
                                                              
    C:\ti\ccs1281\ccs\tools\compiler\ti-cgt-arm_20.2.7.LTS\lib\rtsv7M4_T_le_v4SPD16_eabi.lib
       s_sinf.c.obj                   164    0         0      
       memcpy_t2.asm.obj              156    0         0      
       s_floorf.c.obj                 128    0         0      
       memset_t2.asm.obj              122    0         0      
       s_roundf.c.obj                 110    0         0      
       copy_decompress_lzss.c.obj     104    0         0      
       autoinit.c.obj                 68     0         0      
       rand.c.obj                     52     0         4      
       boot_cortex_m.c.obj            52     0         0      
       copy_decompress_none.c.obj     14     0         0      
       copy_zero_init.c.obj           12     0         0      
       _lock.c.obj                    2      0         8      
       exit.c.obj                     4      0         0      
       pre_init.c.obj                 4      0         0      
    +--+------------------------------+------+---------+---------+
       Total:                         992    0         12     
                                                              
       Stack:                         0      0         512    
       Linker Generated:              0      245       0      
    +--+------------------------------+------+---------+---------+
       Grand Total:                   8904   865       9430   


LINKER GENERATED COPY TABLES

__TI_cinit_table @ 00002620 records: 2, size/record: 8, table size: 16
	.data: load addr=00002538, load size=000000d1 bytes, run addr=20002388, run size=00000150 bytes, compression=lzss
	.bss: load addr=00002618, load size=00000008 bytes, run addr=20000000, run size=00002188 bytes, compression=zero_init


LINKER GENERATED HANDLER TABLE

__TI_handler_table @ 0000260c records: 3, size/record: 4, table size: 12
	index: 0, handler: __TI_decompress_lzss
	index: 1, handler: __TI_decompress_none
	index: 2, handler: __TI_zero_init


GLOBAL SYMBOLS: SORTED ALPHABETICALLY BY Name 

address   name                          
-------   ----                          
0000252f  C$$EXIT                       
00001d1d  HexToU32                      
000008a5  ISR                           
2000249a  Iepsk                         
2000245a  Iqam                          
200024c4  Iqpsk                         
00001c45  LenOfStr                      
200024aa  Qepsk                         
2000247a  Qqam                          
200024cc  Qqpsk                         
20002388  RRCfilter                     
0000251f  ResetISR                      
00001c69  Stringcmpr                    
20002388  __STACK_END                   
00000200  __STACK_SIZE                  
20002388  __STACK_TOP                   
00002620  __TI_CINIT_Base               
00002630  __TI_CINIT_Limit              
0000260c  __TI_Handler_Table_Base       
00002618  __TI_Handler_Table_Limit      
00002411  __TI_auto_init_nobinit_nopinit
000023a9  __TI_decompress_lzss          
00002505  __TI_decompress_none          
ffffffff  __TI_pprof_out_hndl           
ffffffff  __TI_prof_data_size           
ffffffff  __TI_prof_data_start          
00000000  __TI_static_base__            
00002513  __TI_zero_init                
00002255  __aeabi_memclr                
00002255  __aeabi_memclr4               
00002255  __aeabi_memclr8               
00002139  __aeabi_memcpy                
00002139  __aeabi_memcpy4               
00002139  __aeabi_memcpy8               
00002257  __aeabi_memset                
00002257  __aeabi_memset4               
00002257  __aeabi_memset8               
ffffffff  __binit__                     
ffffffff  __c_args__                    
UNDEFED   __mpu_init                    
20002188  __stack                       
20000000  __start___llvm_prf_cnts       
20000000  __stop___llvm_prf_cnts        
00002455  _c_int00_noargs               
200024bc  _lock                         
00002533  _nop                          
UNDEFED   _system_post_cinit            
0000252b  _system_pre_init              
200024c0  _unlock                       
0000252f  abort                         
ffffffff  binit                         
00001325  clearPinInterrupt             
2000244c  dcI                           
20002450  dcQ                           
20002418  delta_phase                   
00001301  disablePinInterrupt           
00001039  disablePinPulldown            
00000ff1  disablePinPullup              
00000d8d  disablePort                   
000012dd  enablePinInterrupt            
00001015  enablePinPulldown             
00000fc3  enablePinPullup               
00000cd1  enablePort                    
20002444  filter                        
000021d5  floorf                        
2000241c  freq_o                        
20002410  frequency                     
00000000  g_pfnVectors                  
00001b99  getFieldChar                  
00001b59  getFieldInteger               
00001c13  getFieldString                
00001393  getPinValue                   
00001449  getPortValue                  
00001ed1  getcUart0                     
000019fd  getsUart0                     
00001f35  initSpi1                      
000024e9  initSystemClockTo80Mhz        
00001dd1  initUart0                     
000024bd  init_SysTick                  
20002000  input                         
0000233d  intHW                         
00001c9f  isCommand                     
00001ee5  kbhitUart0                    
0000027b  ldac_off                      
0000026d  ldac_on                       
0000237b  main                          
00002139  memcpy                        
0000225d  memset                        
2000240c  mode                          
00000445  mvToV                         
00001a79  parseFields                   
20002414  phase                         
20002424  phaseCosine                   
20002420  phaseSine                     
00001e89  putcUart0                     
00001ea5  putsUart0                     
00002489  rand                          
20002446  rawI                          
20002448  rawQ                          
0000206f  readSpi1Data                  
000022cf  roundf                        
20002440  sampleTick                    
2000243c  samplesPerSymbol              
00000ef7  selectPinAnalogInput          
00000ea9  selectPinDigitalInput         
00001213  selectPinInterruptBothEdges   
000011c3  selectPinInterruptFallingEdge 
00001269  selectPinInterruptHighLevel   
000012a3  selectPinInterruptLowLevel    
00001173  selectPinInterruptRisingEdge  
00000e5b  selectPinOpenDrainOutput      
00000e0d  selectPinPushPullOutput       
00000473  sendDacI                      
0000049f  sendDacQ                      
0000083b  setFilterStatus               
000002f1  setPhase                      
00001061  setPinAuxFunction             
00000f47  setPinCommitControl           
00001349  setPinValue                   
000013d1  setPortValue                  
00001fc5  setSpi1BaudRate               
00001ffb  setSpi1Mode                   
00000325  setSymbolRate                 
000002cd  setTransmitBuffer             
00001e45  setUart0BaudRate              
000014d9  shell                         
20000000  sineDacTable                  
000003bb  sine_values                   
00002095  sinf                          
00001bd9  stringToInt                   
20002438  symbolRate                    
0000136f  togglePinValue                
20002434  txBitIndex                    
20002428  txBuffer                      
20002430  txByteIndex                   
2000242c  txLength                      
00000359  voltageToDacCode              
00000289  writeDacAB                    
00002057  writeSpi1Data                 


GLOBAL SYMBOLS: SORTED BY Symbol Address 

address   name                          
-------   ----                          
00000000  __TI_static_base__            
00000000  g_pfnVectors                  
00000200  __STACK_SIZE                  
0000026d  ldac_on                       
0000027b  ldac_off                      
00000289  writeDacAB                    
000002cd  setTransmitBuffer             
000002f1  setPhase                      
00000325  setSymbolRate                 
00000359  voltageToDacCode              
000003bb  sine_values                   
00000445  mvToV                         
00000473  sendDacI                      
0000049f  sendDacQ                      
0000083b  setFilterStatus               
000008a5  ISR                           
00000cd1  enablePort                    
00000d8d  disablePort                   
00000e0d  selectPinPushPullOutput       
00000e5b  selectPinOpenDrainOutput      
00000ea9  selectPinDigitalInput         
00000ef7  selectPinAnalogInput          
00000f47  setPinCommitControl           
00000fc3  enablePinPullup               
00000ff1  disablePinPullup              
00001015  enablePinPulldown             
00001039  disablePinPulldown            
00001061  setPinAuxFunction             
00001173  selectPinInterruptRisingEdge  
000011c3  selectPinInterruptFallingEdge 
00001213  selectPinInterruptBothEdges   
00001269  selectPinInterruptHighLevel   
000012a3  selectPinInterruptLowLevel    
000012dd  enablePinInterrupt            
00001301  disablePinInterrupt           
00001325  clearPinInterrupt             
00001349  setPinValue                   
0000136f  togglePinValue                
00001393  getPinValue                   
000013d1  setPortValue                  
00001449  getPortValue                  
000014d9  shell                         
000019fd  getsUart0                     
00001a79  parseFields                   
00001b59  getFieldInteger               
00001b99  getFieldChar                  
00001bd9  stringToInt                   
00001c13  getFieldString                
00001c45  LenOfStr                      
00001c69  Stringcmpr                    
00001c9f  isCommand                     
00001d1d  HexToU32                      
00001dd1  initUart0                     
00001e45  setUart0BaudRate              
00001e89  putcUart0                     
00001ea5  putsUart0                     
00001ed1  getcUart0                     
00001ee5  kbhitUart0                    
00001f35  initSpi1                      
00001fc5  setSpi1BaudRate               
00001ffb  setSpi1Mode                   
00002057  writeSpi1Data                 
0000206f  readSpi1Data                  
00002095  sinf                          
00002139  __aeabi_memcpy                
00002139  __aeabi_memcpy4               
00002139  __aeabi_memcpy8               
00002139  memcpy                        
000021d5  floorf                        
00002255  __aeabi_memclr                
00002255  __aeabi_memclr4               
00002255  __aeabi_memclr8               
00002257  __aeabi_memset                
00002257  __aeabi_memset4               
00002257  __aeabi_memset8               
0000225d  memset                        
000022cf  roundf                        
0000233d  intHW                         
0000237b  main                          
000023a9  __TI_decompress_lzss          
00002411  __TI_auto_init_nobinit_nopinit
00002455  _c_int00_noargs               
00002489  rand                          
000024bd  init_SysTick                  
000024e9  initSystemClockTo80Mhz        
00002505  __TI_decompress_none          
00002513  __TI_zero_init                
0000251f  ResetISR                      
0000252b  _system_pre_init              
0000252f  C$$EXIT                       
0000252f  abort                         
00002533  _nop                          
0000260c  __TI_Handler_Table_Base       
00002618  __TI_Handler_Table_Limit      
00002620  __TI_CINIT_Base               
00002630  __TI_CINIT_Limit              
20000000  __start___llvm_prf_cnts       
20000000  __stop___llvm_prf_cnts        
20000000  sineDacTable                  
20002000  input                         
20002188  __stack                       
20002388  RRCfilter                     
20002388  __STACK_END                   
20002388  __STACK_TOP                   
2000240c  mode                          
20002410  frequency                     
20002414  phase                         
20002418  delta_phase                   
2000241c  freq_o                        
20002420  phaseSine                     
20002424  phaseCosine                   
20002428  txBuffer                      
2000242c  txLength                      
20002430  txByteIndex                   
20002434  txBitIndex                    
20002438  symbolRate                    
2000243c  samplesPerSymbol              
20002440  sampleTick                    
20002444  filter                        
20002446  rawI                          
20002448  rawQ                          
2000244c  dcI                           
20002450  dcQ                           
2000245a  Iqam                          
2000247a  Qqam                          
2000249a  Iepsk                         
200024aa  Qepsk                         
200024bc  _lock                         
200024c0  _unlock                       
200024c4  Iqpsk                         
200024cc  Qqpsk                         
ffffffff  __TI_pprof_out_hndl           
ffffffff  __TI_prof_data_size           
ffffffff  __TI_prof_data_start          
ffffffff  __binit__                     
ffffffff  __c_args__                    
ffffffff  binit                         
UNDEFED   __mpu_init                    
UNDEFED   _system_post_cinit            

[139 symbols]
