******************************************************************************
                  TI ARM Linker PC v20.2.7                     
******************************************************************************
>> Linked Mon Feb 23 12:10:36 2026

OUTPUT FILE NAME:   <wireless.out>
ENTRY POINT SYMBOL: "_c_int00_noargs"  address: 0000342d


MEMORY CONFIGURATION

         name            origin    length      used     unused   attr    fill
----------------------  --------  ---------  --------  --------  ----  --------
  FLASH                 00000000   00040000  00003724  0003c8dc  R  X
  SRAM                  20000000   00008000  000023b8  00005c48  RW X


SEGMENT ALLOCATION MAP

run origin  load origin   length   init length attrs members
----------  ----------- ---------- ----------- ----- -------
00000000    00000000    00003728   00003728    r-x
  00000000    00000000    0000026c   0000026c    r-- .intvecs
  0000026c    0000026c    000032e8   000032e8    r-x .text
  00003558    00003558    00000158   00000158    r-- .const
  000036b0    000036b0    00000078   00000078    r-- .cinit
20000000    20000000    000023bc   00000000    rw-
  20000000    20000000    0000210c   00000000    rw- .bss
  20002110    20002110    00000200   00000000    rw- .stack
  20002310    20002310    000000ac   00000000    rw- .data


SECTION ALLOCATION MAP

 output                                  attributes/
section   page    origin      length       input sections
--------  ----  ----------  ----------   ----------------
.intvecs   0    00000000    0000026c     
                  00000000    0000026c     tm4c123gh6pm_startup_ccs.obj (.intvecs)

.text      0    0000026c    000032e8     
                  0000026c    00000808     gpio.obj (.text)
                  00000a74    00000738     rtsv7M4_T_le_v4SPD16_eabi.lib : k_rem_pio2.c.obj (.text:__kernel_rem_pio2)
                  000011ac    000005e0                                   : s_sin.c.obj (.text:sin)
                  0000178c    00000580     wireless.obj (.text)
                  00001d0c    000003d4     interface_functions.obj (.text)
                  000020e0    000003d0     shell_interface.obj (.text)
                  000024b0    000001b6     rtsv7M4_T_le_v4SPD16_eabi.lib : fd_add_t2.asm.obj (.text)
                  00002666    00000002                                   : _lock.c.obj (.text:_nop)
                  00002668    00000174                                   : k_sin.c.obj (.text:__kernel_sin)
                  000027dc    00000170                                   : k_cos.c.obj (.text:__kernel_cos)
                  0000294c    00000164     uart0.obj (.text)
                  00002ab0    00000160     spi1.obj (.text)
                  00002c10    00000110     rtsv7M4_T_le_v4SPD16_eabi.lib : s_scalbn.c.obj (.text:scalbn)
                  00002d20    000000fc                                   : fd_mul_t2.asm.obj (.text)
                  00002e1c    000000f8                                   : s_floor.c.obj (.text:floor)
                  00002f14    0000009c                                   : memcpy_t2.asm.obj (.text)
                  00002fb0    00000086                                   : fd_cmp_t2.asm.obj (.text:__aeabi_cdcmple)
                  00003036    00000086                                   : fd_cmp_t2.asm.obj (.text:__aeabi_cdrcmple)
                  000030bc    00000080                                   : s_floorf.c.obj (.text:floorf)
                  0000313c    0000007a                                   : memset_t2.asm.obj (.text)
                  000031b6    0000006e                                   : s_roundf.c.obj (.text:roundf)
                  00003224    0000006e                                   : fd_tos_t2.asm.obj (.text)
                  00003292    00000002     --HOLE-- [fill = 0]
                  00003294    0000006c     main.obj (.text)
                  00003300    00000068     rtsv7M4_T_le_v4SPD16_eabi.lib : copy_decompress_lzss.c.obj (.text:decompress:lzss:__TI_decompress_lzss)
                  00003368    00000048                                   : fd_toi_t2.asm.obj (.text)
                  000033b0    00000044                                   : autoinit.c.obj (.text:__TI_auto_init_nobinit_nopinit:__TI_auto_init_nobinit_nopinit)
                  000033f4    00000038                                   : fs_tod_t2.asm.obj (.text)
                  0000342c    00000034                                   : boot_cortex_m.c.obj (.text:_c_int00_noargs:_c_int00_noargs)
                  00003460    00000034                                   : rand.c.obj (.text:rand)
                  00003494    0000002e                                   : i_tofd_t2.asm.obj (.text)
                  000034c2    00000002     --HOLE-- [fill = 0]
                  000034c4    0000002c     systick.obj (.text)
                  000034f0    0000001a     rtsv7M4_T_le_v4SPD16_eabi.lib : s_copysign.c.obj (.text:copysign)
                  0000350a    00000002     --HOLE-- [fill = 0]
                  0000350c    00000010     clock.obj (.text)
                  0000351c    0000000e     rtsv7M4_T_le_v4SPD16_eabi.lib : copy_decompress_none.c.obj (.text:decompress:none:__TI_decompress_none)
                  0000352a    0000000c                                   : copy_zero_init.c.obj (.text:decompress:ZI:__TI_zero_init)
                  00003536    0000000c     tm4c123gh6pm_startup_ccs.obj (.text)
                  00003542    00000002     --HOLE-- [fill = 0]
                  00003544    00000008     rtsv7M4_T_le_v4SPD16_eabi.lib : errno.c.obj (.text:__aeabi_errno_addr)
                  0000354c    00000004                                   : pre_init.c.obj (.text:_system_pre_init)
                  00003550    00000004                                   : exit.c.obj (.text:abort:abort)

.const     0    00003558    00000158     
                  00003558    00000158     rtsv7M4_T_le_v4SPD16_eabi.lib : k_rem_pio2.c.obj (.const:$O1$$)

.cinit     0    000036b0    00000078     
                  000036b0    00000053     (.cinit..data.load) [load image, compression = lzss]
                  00003703    00000001     --HOLE-- [fill = 0]
                  00003704    0000000c     (__TI_handler_table)
                  00003710    00000008     (.cinit..bss.load) [load image, compression = zero_init]
                  00003718    00000010     (__TI_cinit_table)

.init_array 
*          0    00000000    00000000     UNINITIALIZED

.bss       0    20000000    0000210c     UNINITIALIZED
                  20000000    00002000     (.common:sineDacTable)
                  20002000    00000100     (.common:input)
                  20002100    00000004     (.common:dcI)
                  20002104    00000004     (.common:dcQ)
                  20002108    00000002     (.common:rawI)
                  2000210a    00000002     (.common:rawQ)

.data      0    20002310    000000ac     UNINITIALIZED
                  20002310    0000002c     wireless.obj (.data)
                  2000233c    00000020     wireless.obj (.data:Iqam)
                  2000235c    00000020     wireless.obj (.data:Qqam)
                  2000237c    00000010     wireless.obj (.data:Iepsk)
                  2000238c    00000010     wireless.obj (.data:Qepsk)
                  2000239c    00000008     rtsv7M4_T_le_v4SPD16_eabi.lib : _lock.c.obj (.data:$O1$$)
                  200023a4    00000008     wireless.obj (.data:Iqpsk)
                  200023ac    00000008     wireless.obj (.data:Qqpsk)
                  200023b4    00000004     rtsv7M4_T_le_v4SPD16_eabi.lib : errno.c.obj (.data)
                  200023b8    00000004                                   : rand.c.obj (.data)

.stack     0    20002110    00000200     UNINITIALIZED
                  20002110    00000004     rtsv7M4_T_le_v4SPD16_eabi.lib : boot_cortex_m.c.obj (.stack)
                  20002114    000001fc     --HOLE--

__llvm_prf_cnts 
*          0    20000000    00000000     UNINITIALIZED

MODULE SUMMARY

       Module                         code    ro data   rw data
       ------                         ----    -------   -------
    .\
       wireless.obj                   1408    0         8360   
       gpio.obj                       2056    0         0      
       shell_interface.obj            976     0         256    
       interface_functions.obj        980     0         0      
       tm4c123gh6pm_startup_ccs.obj   12      620       0      
       uart0.obj                      356     0         0      
       spi1.obj                       352     0         0      
       main.obj                       108     0         0      
       systick.obj                    44      0         0      
       clock.obj                      16      0         0      
    +--+------------------------------+-------+---------+---------+
       Total:                         6308    620       8616   
                                                               
    C:\ti\ccs1281\ccs\tools\compiler\ti-cgt-arm_20.2.7.LTS\lib\rtsv7M4_T_le_v4SPD16_eabi.lib
       k_rem_pio2.c.obj               1848    344       0      
       s_sin.c.obj                    1504    0         0      
       fd_add_t2.asm.obj              438     0         0      
       k_sin.c.obj                    372     0         0      
       k_cos.c.obj                    368     0         0      
       s_scalbn.c.obj                 272     0         0      
       fd_cmp_t2.asm.obj              268     0         0      
       fd_mul_t2.asm.obj              252     0         0      
       s_floor.c.obj                  248     0         0      
       memcpy_t2.asm.obj              156     0         0      
       s_floorf.c.obj                 128     0         0      
       memset_t2.asm.obj              122     0         0      
       fd_tos_t2.asm.obj              110     0         0      
       s_roundf.c.obj                 110     0         0      
       copy_decompress_lzss.c.obj     104     0         0      
       fd_toi_t2.asm.obj              72      0         0      
       autoinit.c.obj                 68      0         0      
       fs_tod_t2.asm.obj              56      0         0      
       rand.c.obj                     52      0         4      
       boot_cortex_m.c.obj            52      0         0      
       i_tofd_t2.asm.obj              46      0         0      
       s_copysign.c.obj               26      0         0      
       copy_decompress_none.c.obj     14      0         0      
       copy_zero_init.c.obj           12      0         0      
       errno.c.obj                    8       0         4      
       _lock.c.obj                    2       0         8      
       exit.c.obj                     4       0         0      
       pre_init.c.obj                 4       0         0      
    +--+------------------------------+-------+---------+---------+
       Total:                         6716    344       16     
                                                               
       Stack:                         0       0         512    
       Linker Generated:              0       119       0      
    +--+------------------------------+-------+---------+---------+
       Grand Total:                   13024   1083      9144   


LINKER GENERATED COPY TABLES

__TI_cinit_table @ 00003718 records: 2, size/record: 8, table size: 16
	.data: load addr=000036b0, load size=00000053 bytes, run addr=20002310, run size=000000ac bytes, compression=lzss
	.bss: load addr=00003710, load size=00000008 bytes, run addr=20000000, run size=0000210c bytes, compression=zero_init


LINKER GENERATED HANDLER TABLE

__TI_handler_table @ 00003704 records: 3, size/record: 4, table size: 12
	index: 0, handler: __TI_decompress_lzss
	index: 1, handler: __TI_decompress_none
	index: 2, handler: __TI_zero_init


GLOBAL SYMBOLS: SORTED ALPHABETICALLY BY Name 

address   name                          
-------   ----                          
00003551  C$$EXIT                       
0000202d  HexToU32                      
00001851  ISR                           
2000237c  Iepsk                         
2000233c  Iqam                          
200023a4  Iqpsk                         
00001f55  LenOfStr                      
2000238c  Qepsk                         
2000235c  Qqam                          
200023ac  Qqpsk                         
00003537  ResetISR                      
00001f79  Stringcmpr                    
20002310  __STACK_END                   
00000200  __STACK_SIZE                  
20002310  __STACK_TOP                   
00003718  __TI_CINIT_Base               
00003728  __TI_CINIT_Limit              
00003704  __TI_Handler_Table_Base       
00003710  __TI_Handler_Table_Limit      
000033b1  __TI_auto_init_nobinit_nopinit
00003301  __TI_decompress_lzss          
0000351d  __TI_decompress_none          
ffffffff  __TI_pprof_out_hndl           
ffffffff  __TI_prof_data_size           
ffffffff  __TI_prof_data_start          
00000000  __TI_static_base__            
0000352b  __TI_zero_init                
00002fb1  __aeabi_cdcmpeq               
00002fb1  __aeabi_cdcmple               
00003037  __aeabi_cdrcmple              
00003225  __aeabi_d2f                   
00003369  __aeabi_d2iz                  
000024bb  __aeabi_dadd                  
00002d21  __aeabi_dmul                  
000024b1  __aeabi_dsub                  
00003545  __aeabi_errno_addr            
000033f5  __aeabi_f2d                   
00003495  __aeabi_i2d                   
0000313d  __aeabi_memclr                
0000313d  __aeabi_memclr4               
0000313d  __aeabi_memclr8               
00002f15  __aeabi_memcpy                
00002f15  __aeabi_memcpy4               
00002f15  __aeabi_memcpy8               
0000313f  __aeabi_memset                
0000313f  __aeabi_memset4               
0000313f  __aeabi_memset8               
ffffffff  __binit__                     
ffffffff  __c_args__                    
000027dd  __kernel_cos                  
00000a75  __kernel_rem_pio2             
00002669  __kernel_sin                  
UNDEFED   __mpu_init                    
20002110  __stack                       
20000000  __start___llvm_prf_cnts       
20000000  __stop___llvm_prf_cnts        
0000342d  _c_int00_noargs               
2000239c  _lock                         
00002667  _nop                          
UNDEFED   _system_post_cinit            
0000354d  _system_pre_init              
200023a0  _unlock                       
00003551  abort                         
ffffffff  binit                         
000008c1  clearPinInterrupt             
000034f1  copysign                      
000034f1  copysignl                     
20002100  dcI                           
20002104  dcQ                           
2000231c  delta_phase                   
0000089d  disablePinInterrupt           
000005d5  disablePinPulldown            
0000058d  disablePinPullup              
00000329  disablePort                   
00000879  enablePinInterrupt            
000005b1  enablePinPulldown             
0000055f  enablePinPullup               
0000026d  enablePort                    
200023b4  errno                         
00002e1d  floor                         
000030bd  floorf                        
00002e1d  floorl                        
20002320  freq_o                        
20002314  frequency                     
00000000  g_pfnVectors                  
00001ea9  getFieldChar                  
00001e69  getFieldInteger               
00001f23  getFieldString                
0000092f  getPinValue                   
000009e5  getPortValue                  
00002a4d  getcUart0                     
00001d0d  getsUart0                     
00002ab1  initSpi1                      
0000350d  initSystemClockTo40Mhz        
0000294d  initUart0                     
000034c5  init_SysTick                  
20002000  input                         
00003295  intHW                         
00001faf  isCommand                     
00002a61  kbhitUart0                    
000017cf  ldac_off                      
000017c1  ldac_on                       
00002c11  ldexp                         
00002c11  ldexpl                        
000032d3  main                          
00002f15  memcpy                        
00003145  memset                        
20002310  mode                          
00001c41  mvToV                         
00001d89  parseFields                   
20002318  phase                         
20002328  phaseCosine                   
20002324  phaseSine                     
00002a05  putcUart0                     
00002a21  putsUart0                     
00003461  rand                          
20002108  rawI                          
2000210a  rawQ                          
00002beb  readSpi1Data                  
000031b7  roundf                        
00002c11  scalbn                        
00002c11  scalbnl                       
00000493  selectPinAnalogInput          
00000445  selectPinDigitalInput         
000007af  selectPinInterruptBothEdges   
0000075f  selectPinInterruptFallingEdge 
00000805  selectPinInterruptHighLevel   
0000083f  selectPinInterruptLowLevel    
0000070f  selectPinInterruptRisingEdge  
000003f7  selectPinOpenDrainOutput      
000003a9  selectPinPushPullOutput       
00001c75  sendDacI                      
00001ca5  sendDacQ                      
0000178d  setPhase                      
000005fd  setPinAuxFunction             
000004e3  setPinCommitControl           
000008e5  setPinValue                   
0000096d  setPortValue                  
00002b41  setSpi1BaudRate               
00002b77  setSpi1Mode                   
00001821  setTransmitBuffer             
000029c1  setUart0BaudRate              
000020e1  shell                         
000011ad  sin                           
20000000  sineDacTable                  
00001b95  sine_values                   
000011ad  sinl                          
00001ee9  stringToInt                   
0000090b  togglePinValue                
20002338  txBitIndex                    
2000232c  txBuffer                      
20002334  txByteIndex                   
20002330  txLength                      
00001b2d  voltageToDacCode              
000017dd  writeDacAB                    
00002bd3  writeSpi1Data                 


GLOBAL SYMBOLS: SORTED BY Symbol Address 

address   name                          
-------   ----                          
00000000  __TI_static_base__            
00000000  g_pfnVectors                  
00000200  __STACK_SIZE                  
0000026d  enablePort                    
00000329  disablePort                   
000003a9  selectPinPushPullOutput       
000003f7  selectPinOpenDrainOutput      
00000445  selectPinDigitalInput         
00000493  selectPinAnalogInput          
000004e3  setPinCommitControl           
0000055f  enablePinPullup               
0000058d  disablePinPullup              
000005b1  enablePinPulldown             
000005d5  disablePinPulldown            
000005fd  setPinAuxFunction             
0000070f  selectPinInterruptRisingEdge  
0000075f  selectPinInterruptFallingEdge 
000007af  selectPinInterruptBothEdges   
00000805  selectPinInterruptHighLevel   
0000083f  selectPinInterruptLowLevel    
00000879  enablePinInterrupt            
0000089d  disablePinInterrupt           
000008c1  clearPinInterrupt             
000008e5  setPinValue                   
0000090b  togglePinValue                
0000092f  getPinValue                   
0000096d  setPortValue                  
000009e5  getPortValue                  
00000a75  __kernel_rem_pio2             
000011ad  sin                           
000011ad  sinl                          
0000178d  setPhase                      
000017c1  ldac_on                       
000017cf  ldac_off                      
000017dd  writeDacAB                    
00001821  setTransmitBuffer             
00001851  ISR                           
00001b2d  voltageToDacCode              
00001b95  sine_values                   
00001c41  mvToV                         
00001c75  sendDacI                      
00001ca5  sendDacQ                      
00001d0d  getsUart0                     
00001d89  parseFields                   
00001e69  getFieldInteger               
00001ea9  getFieldChar                  
00001ee9  stringToInt                   
00001f23  getFieldString                
00001f55  LenOfStr                      
00001f79  Stringcmpr                    
00001faf  isCommand                     
0000202d  HexToU32                      
000020e1  shell                         
000024b1  __aeabi_dsub                  
000024bb  __aeabi_dadd                  
00002667  _nop                          
00002669  __kernel_sin                  
000027dd  __kernel_cos                  
0000294d  initUart0                     
000029c1  setUart0BaudRate              
00002a05  putcUart0                     
00002a21  putsUart0                     
00002a4d  getcUart0                     
00002a61  kbhitUart0                    
00002ab1  initSpi1                      
00002b41  setSpi1BaudRate               
00002b77  setSpi1Mode                   
00002bd3  writeSpi1Data                 
00002beb  readSpi1Data                  
00002c11  ldexp                         
00002c11  ldexpl                        
00002c11  scalbn                        
00002c11  scalbnl                       
00002d21  __aeabi_dmul                  
00002e1d  floor                         
00002e1d  floorl                        
00002f15  __aeabi_memcpy                
00002f15  __aeabi_memcpy4               
00002f15  __aeabi_memcpy8               
00002f15  memcpy                        
00002fb1  __aeabi_cdcmpeq               
00002fb1  __aeabi_cdcmple               
00003037  __aeabi_cdrcmple              
000030bd  floorf                        
0000313d  __aeabi_memclr                
0000313d  __aeabi_memclr4               
0000313d  __aeabi_memclr8               
0000313f  __aeabi_memset                
0000313f  __aeabi_memset4               
0000313f  __aeabi_memset8               
00003145  memset                        
000031b7  roundf                        
00003225  __aeabi_d2f                   
00003295  intHW                         
000032d3  main                          
00003301  __TI_decompress_lzss          
00003369  __aeabi_d2iz                  
000033b1  __TI_auto_init_nobinit_nopinit
000033f5  __aeabi_f2d                   
0000342d  _c_int00_noargs               
00003461  rand                          
00003495  __aeabi_i2d                   
000034c5  init_SysTick                  
000034f1  copysign                      
000034f1  copysignl                     
0000350d  initSystemClockTo40Mhz        
0000351d  __TI_decompress_none          
0000352b  __TI_zero_init                
00003537  ResetISR                      
00003545  __aeabi_errno_addr            
0000354d  _system_pre_init              
00003551  C$$EXIT                       
00003551  abort                         
00003704  __TI_Handler_Table_Base       
00003710  __TI_Handler_Table_Limit      
00003718  __TI_CINIT_Base               
00003728  __TI_CINIT_Limit              
20000000  __start___llvm_prf_cnts       
20000000  __stop___llvm_prf_cnts        
20000000  sineDacTable                  
20002000  input                         
20002100  dcI                           
20002104  dcQ                           
20002108  rawI                          
2000210a  rawQ                          
20002110  __stack                       
20002310  __STACK_END                   
20002310  __STACK_TOP                   
20002310  mode                          
20002314  frequency                     
20002318  phase                         
2000231c  delta_phase                   
20002320  freq_o                        
20002324  phaseSine                     
20002328  phaseCosine                   
2000232c  txBuffer                      
20002330  txLength                      
20002334  txByteIndex                   
20002338  txBitIndex                    
2000233c  Iqam                          
2000235c  Qqam                          
2000237c  Iepsk                         
2000238c  Qepsk                         
2000239c  _lock                         
200023a0  _unlock                       
200023a4  Iqpsk                         
200023ac  Qqpsk                         
200023b4  errno                         
ffffffff  __TI_pprof_out_hndl           
ffffffff  __TI_prof_data_size           
ffffffff  __TI_prof_data_start          
ffffffff  __binit__                     
ffffffff  __c_args__                    
ffffffff  binit                         
UNDEFED   __mpu_init                    
UNDEFED   _system_post_cinit            

[156 symbols]
