******************************************************************************
                  TI ARM Linker PC v20.2.7                     
******************************************************************************
>> Linked Fri Feb  6 12:24:20 2026

OUTPUT FILE NAME:   <wireless.out>
ENTRY POINT SYMBOL: "_c_int00_noargs"  address: 00001351


MEMORY CONFIGURATION

         name            origin    length      used     unused   attr    fill
----------------------  --------  ---------  --------  --------  ----  --------
  FLASH                 00000000   00040000  000013d8  0003ec28  R  X
  SRAM                  20000000   00008000  00000204  00007dfc  RW X


SEGMENT ALLOCATION MAP

run origin  load origin   length   init length attrs members
----------  ----------- ---------- ----------- ----- -------
00000000    00000000    000013dc   000013dc    r-x
  00000000    00000000    0000026c   0000026c    r-- .intvecs
  0000026c    0000026c    00001158   00001158    r-x .text
  000013c8    000013c8    00000014   00000014    r-- .cinit
20000000    20000000    00000204   00000000    rw-
  20000000    20000000    00000200   00000000    rw- .stack
  20000200    20000200    00000004   00000000    rw- .bss


SECTION ALLOCATION MAP

 output                                  attributes/
section   page    origin      length       input sections
--------  ----  ----------  ----------   ----------------
.intvecs   0    00000000    0000026c     
                  00000000    0000026c     tm4c123gh6pm_startup_ccs.obj (.intvecs)

.text      0    0000026c    00001158     
                  0000026c    00000808     gpio.obj (.text)
                  00000a74    00000320     interface_functions.obj (.text)
                  00000d94    0000027c     shell_interface.obj (.text)
                  00001010    00000164     uart0.obj (.text)
                  00001174    00000160     spi1.obj (.text)
                  000012d4    00000044     rtsv7M4_T_le_v4SPD16_eabi.lib : autoinit.c.obj (.text:__TI_auto_init_nobinit_nopinit:__TI_auto_init_nobinit_nopinit)
                  00001318    00000038     main.obj (.text)
                  00001350    00000034     rtsv7M4_T_le_v4SPD16_eabi.lib : boot_cortex_m.c.obj (.text:_c_int00_noargs:_c_int00_noargs)
                  00001384    0000001c                                   : copy_zero_init.c.obj (.text:decompress:ZI:__TI_zero_init_nomemset:__TI_zero_init_nomemset)
                  000013a0    00000010     clock.obj (.text)
                  000013b0    0000000c     tm4c123gh6pm_startup_ccs.obj (.text)
                  000013bc    00000004     rtsv7M4_T_le_v4SPD16_eabi.lib : pre_init.c.obj (.text:_system_pre_init)
                  000013c0    00000004                                   : exit.c.obj (.text:abort:abort)

.cinit     0    000013c8    00000014     
                  000013c8    00000008     (.cinit..bss.load) [load image, compression = zero_init]
                  000013d0    00000004     (__TI_handler_table)
                  000013d4    00000008     (__TI_cinit_table)

.init_array 
*          0    00000000    00000000     UNINITIALIZED

.bss       0    20000200    00000004     UNINITIALIZED
                  20000200    00000001     (.common:dcI)
                  20000201    00000001     (.common:dcQ)
                  20000202    00000001     (.common:rawI)
                  20000203    00000001     (.common:rawQ)

.stack     0    20000000    00000200     UNINITIALIZED
                  20000000    00000004     rtsv7M4_T_le_v4SPD16_eabi.lib : boot_cortex_m.c.obj (.stack)
                  20000004    000001fc     --HOLE--

__llvm_prf_cnts 
*          0    20000000    00000000     UNINITIALIZED

MODULE SUMMARY

       Module                         code   ro data   rw data
       ------                         ----   -------   -------
    .\
       gpio.obj                       2056   0         0      
       interface_functions.obj        800    0         0      
       shell_interface.obj            636    0         0      
       tm4c123gh6pm_startup_ccs.obj   12     620       0      
       uart0.obj                      356    0         0      
       spi1.obj                       352    0         0      
       main.obj                       56     0         4      
       clock.obj                      16     0         0      
    +--+------------------------------+------+---------+---------+
       Total:                         4284   620       4      
                                                              
    C:\ti\ccs1281\ccs\tools\compiler\ti-cgt-arm_20.2.7.LTS\lib\rtsv7M4_T_le_v4SPD16_eabi.lib
       autoinit.c.obj                 68     0         0      
       boot_cortex_m.c.obj            52     0         0      
       copy_zero_init.c.obj           28     0         0      
       exit.c.obj                     4      0         0      
       pre_init.c.obj                 4      0         0      
    +--+------------------------------+------+---------+---------+
       Total:                         156    0         0      
                                                              
       Stack:                         0      0         512    
       Linker Generated:              0      20        0      
    +--+------------------------------+------+---------+---------+
       Grand Total:                   4440   640       516    


LINKER GENERATED COPY TABLES

__TI_cinit_table @ 000013d4 records: 1, size/record: 8, table size: 8
	.bss: load addr=000013c8, load size=00000008 bytes, run addr=20000200, run size=00000004 bytes, compression=zero_init


LINKER GENERATED HANDLER TABLE

__TI_handler_table @ 000013d0 records: 1, size/record: 4, table size: 4
	index: 0, handler: __TI_zero_init


GLOBAL SYMBOLS: SORTED ALPHABETICALLY BY Name 

address   name                          
-------   ----                          
000013c1  C$$EXIT                       
00000cbd  LenOfStr                      
000013b1  ResetISR                      
00000ce1  Stringcmpr                    
20000200  __STACK_END                   
00000200  __STACK_SIZE                  
20000200  __STACK_TOP                   
000013d4  __TI_CINIT_Base               
000013dc  __TI_CINIT_Limit              
000013d0  __TI_Handler_Table_Base       
000013d4  __TI_Handler_Table_Limit      
000012d5  __TI_auto_init_nobinit_nopinit
ffffffff  __TI_pprof_out_hndl           
ffffffff  __TI_prof_data_size           
ffffffff  __TI_prof_data_start          
00000000  __TI_static_base__            
00001385  __TI_zero_init_nomemset       
ffffffff  __binit__                     
ffffffff  __c_args__                    
UNDEFED   __mpu_init                    
20000000  __stack                       
20000000  __start___llvm_prf_cnts       
20000000  __stop___llvm_prf_cnts        
00001351  _c_int00_noargs               
UNDEFED   _system_post_cinit            
000013bd  _system_pre_init              
000013c1  abort                         
ffffffff  binit                         
000008c1  clearPinInterrupt             
20000200  dcI                           
20000201  dcQ                           
0000089d  disablePinInterrupt           
000005d5  disablePinPulldown            
0000058d  disablePinPullup              
00000329  disablePort                   
00000879  enablePinInterrupt            
000005b1  enablePinPulldown             
0000055f  enablePinPullup               
0000026d  enablePort                    
00000000  g_pfnVectors                  
00000c11  getFieldChar                  
00000bd1  getFieldInteger               
00000c8b  getFieldString                
0000092f  getPinValue                   
000009e5  getPortValue                  
00001111  getcUart0                     
00000a75  getsUart0                     
00001175  initSpi1                      
000013a1  initSystemClockTo40Mhz        
00001011  initUart0                     
00001319  intHW                         
00000d17  isCommand                     
00001125  kbhitUart0                    
0000133b  main                          
00000d95  mvToV                         
00000af1  parseFields                   
000010c9  putcUart0                     
000010e5  putsUart0                     
20000202  rawI                          
20000203  rawQ                          
000012af  readSpi1Data                  
00000493  selectPinAnalogInput          
00000445  selectPinDigitalInput         
000007af  selectPinInterruptBothEdges   
0000075f  selectPinInterruptFallingEdge 
00000805  selectPinInterruptHighLevel   
0000083f  selectPinInterruptLowLevel    
0000070f  selectPinInterruptRisingEdge  
000003f7  selectPinOpenDrainOutput      
000003a9  selectPinPushPullOutput       
00000dc3  sendDacI                      
00000dff  sendDacQ                      
000005fd  setPinAuxFunction             
000004e3  setPinCommitControl           
000008e5  setPinValue                   
0000096d  setPortValue                  
00001205  setSpi1BaudRate               
0000123b  setSpi1Mode                   
00001085  setUart0BaudRate              
00000e3b  shell                         
00000c51  stringToInt                   
0000090b  togglePinValue                
00001297  writeSpi1Data                 


GLOBAL SYMBOLS: SORTED BY Symbol Address 

address   name                          
-------   ----                          
00000000  __TI_static_base__            
00000000  g_pfnVectors                  
00000200  __STACK_SIZE                  
0000026d  enablePort                    
00000329  disablePort                   
000003a9  selectPinPushPullOutput       
000003f7  selectPinOpenDrainOutput      
00000445  selectPinDigitalInput         
00000493  selectPinAnalogInput          
000004e3  setPinCommitControl           
0000055f  enablePinPullup               
0000058d  disablePinPullup              
000005b1  enablePinPulldown             
000005d5  disablePinPulldown            
000005fd  setPinAuxFunction             
0000070f  selectPinInterruptRisingEdge  
0000075f  selectPinInterruptFallingEdge 
000007af  selectPinInterruptBothEdges   
00000805  selectPinInterruptHighLevel   
0000083f  selectPinInterruptLowLevel    
00000879  enablePinInterrupt            
0000089d  disablePinInterrupt           
000008c1  clearPinInterrupt             
000008e5  setPinValue                   
0000090b  togglePinValue                
0000092f  getPinValue                   
0000096d  setPortValue                  
000009e5  getPortValue                  
00000a75  getsUart0                     
00000af1  parseFields                   
00000bd1  getFieldInteger               
00000c11  getFieldChar                  
00000c51  stringToInt                   
00000c8b  getFieldString                
00000cbd  LenOfStr                      
00000ce1  Stringcmpr                    
00000d17  isCommand                     
00000d95  mvToV                         
00000dc3  sendDacI                      
00000dff  sendDacQ                      
00000e3b  shell                         
00001011  initUart0                     
00001085  setUart0BaudRate              
000010c9  putcUart0                     
000010e5  putsUart0                     
00001111  getcUart0                     
00001125  kbhitUart0                    
00001175  initSpi1                      
00001205  setSpi1BaudRate               
0000123b  setSpi1Mode                   
00001297  writeSpi1Data                 
000012af  readSpi1Data                  
000012d5  __TI_auto_init_nobinit_nopinit
00001319  intHW                         
0000133b  main                          
00001351  _c_int00_noargs               
00001385  __TI_zero_init_nomemset       
000013a1  initSystemClockTo40Mhz        
000013b1  ResetISR                      
000013bd  _system_pre_init              
000013c1  C$$EXIT                       
000013c1  abort                         
000013d0  __TI_Handler_Table_Base       
000013d4  __TI_CINIT_Base               
000013d4  __TI_Handler_Table_Limit      
000013dc  __TI_CINIT_Limit              
20000000  __stack                       
20000000  __start___llvm_prf_cnts       
20000000  __stop___llvm_prf_cnts        
20000200  __STACK_END                   
20000200  __STACK_TOP                   
20000200  dcI                           
20000201  dcQ                           
20000202  rawI                          
20000203  rawQ                          
ffffffff  __TI_pprof_out_hndl           
ffffffff  __TI_prof_data_size           
ffffffff  __TI_prof_data_start          
ffffffff  __binit__                     
ffffffff  __c_args__                    
ffffffff  binit                         
UNDEFED   __mpu_init                    
UNDEFED   _system_post_cinit            

[83 symbols]
