******************************************************************************
                  TI ARM Linker PC v20.2.7                     
******************************************************************************
>> Linked Fri Feb 20 14:17:50 2026

OUTPUT FILE NAME:   <wireless.out>
ENTRY POINT SYMBOL: "_c_int00_noargs"  address: 000036f9


MEMORY CONFIGURATION

         name            origin    length      used     unused   attr    fill
----------------------  --------  ---------  --------  --------  ----  --------
  FLASH                 00000000   00040000  000039d8  0003c628  R  X
  SRAM                  20000000   00008000  0000230c  00005cf4  RW X


SEGMENT ALLOCATION MAP

run origin  load origin   length   init length attrs members
----------  ----------- ---------- ----------- ----- -------
00000000    00000000    000039d8   000039d8    r-x
  00000000    00000000    0000026c   0000026c    r-- .intvecs
  0000026c    0000026c    0000359c   0000359c    r-x .text
  00003808    00003808    00000158   00000158    r-- .const
  00003960    00003960    00000078   00000078    r-- .cinit
20000000    20000000    0000230c   00000000    rw-
  20000000    20000000    00002090   00000000    rw- .bss
  20002090    20002090    00000200   00000000    rw- .stack
  20002290    20002290    0000007c   00000000    rw- .data


SECTION ALLOCATION MAP

 output                                  attributes/
section   page    origin      length       input sections
--------  ----  ----------  ----------   ----------------
.intvecs   0    00000000    0000026c     
                  00000000    0000026c     tm4c123gh6pm_startup_ccs.obj (.intvecs)

.text      0    0000026c    0000359c     
                  0000026c    00000808     gpio.obj (.text)
                  00000a74    00000738     rtsv7M4_T_le_v4SPD16_eabi.lib : k_rem_pio2.c.obj (.text:__kernel_rem_pio2)
                  000011ac    000006f8     wireless.obj (.text)
                  000018a4    000005e0     rtsv7M4_T_le_v4SPD16_eabi.lib : s_sin.c.obj (.text:sin)
                  00001e84    00000538     shell_interface.obj (.text)
                  000023bc    000003d4     interface_functions.obj (.text)
                  00002790    000001b6     rtsv7M4_T_le_v4SPD16_eabi.lib : fd_add_t2.asm.obj (.text)
                  00002946    00000002     --HOLE-- [fill = 0]
                  00002948    00000174                                   : k_sin.c.obj (.text:__kernel_sin)
                  00002abc    00000170                                   : k_cos.c.obj (.text:__kernel_cos)
                  00002c2c    00000164     uart0.obj (.text)
                  00002d90    00000160     spi1.obj (.text)
                  00002ef0    00000110     rtsv7M4_T_le_v4SPD16_eabi.lib : s_scalbn.c.obj (.text:scalbn)
                  00003000    000000fc                                   : fd_mul_t2.asm.obj (.text)
                  000030fc    000000f8                                   : s_floor.c.obj (.text:floor)
                  000031f4    0000009c                                   : memcpy_t2.asm.obj (.text)
                  00003290    00000086                                   : fd_cmp_t2.asm.obj (.text:__aeabi_cdcmple)
                  00003316    00000086                                   : fd_cmp_t2.asm.obj (.text:__aeabi_cdrcmple)
                  0000339c    00000080                                   : s_floorf.c.obj (.text:floorf)
                  0000341c    0000007a                                   : memset_t2.asm.obj (.text)
                  00003496    0000006e                                   : s_roundf.c.obj (.text:roundf)
                  00003504    0000006e                                   : fd_tos_t2.asm.obj (.text)
                  00003572    00000068                                   : copy_decompress_lzss.c.obj (.text:decompress:lzss:__TI_decompress_lzss)
                  000035da    00000002     --HOLE-- [fill = 0]
                  000035dc    00000058     main.obj (.text)
                  00003634    00000048     rtsv7M4_T_le_v4SPD16_eabi.lib : fd_toi_t2.asm.obj (.text)
                  0000367c    00000044                                   : autoinit.c.obj (.text:__TI_auto_init_nobinit_nopinit:__TI_auto_init_nobinit_nopinit)
                  000036c0    00000038                                   : fs_tod_t2.asm.obj (.text)
                  000036f8    00000034                                   : boot_cortex_m.c.obj (.text:_c_int00_noargs:_c_int00_noargs)
                  0000372c    0000002e                                   : i_tofd_t2.asm.obj (.text)
                  0000375a    00000002     --HOLE-- [fill = 0]
                  0000375c    0000002c     systick.obj (.text)
                  00003788    0000001e     rtsv7M4_T_le_v4SPD16_eabi.lib : ll_lsr_t2.asm.obj (.text)
                  000037a6    0000001a                                   : s_copysign.c.obj (.text:copysign)
                  000037c0    00000010     clock.obj (.text)
                  000037d0    0000000e     rtsv7M4_T_le_v4SPD16_eabi.lib : copy_decompress_none.c.obj (.text:decompress:none:__TI_decompress_none)
                  000037de    0000000c                                   : copy_zero_init.c.obj (.text:decompress:ZI:__TI_zero_init)
                  000037ea    0000000c     tm4c123gh6pm_startup_ccs.obj (.text)
                  000037f6    00000002     --HOLE-- [fill = 0]
                  000037f8    00000008     rtsv7M4_T_le_v4SPD16_eabi.lib : errno.c.obj (.text:__aeabi_errno_addr)
                  00003800    00000004                                   : pre_init.c.obj (.text:_system_pre_init)
                  00003804    00000004                                   : exit.c.obj (.text:abort:abort)

.const     0    00003808    00000158     
                  00003808    00000158     rtsv7M4_T_le_v4SPD16_eabi.lib : k_rem_pio2.c.obj (.const:$O1$$)

.cinit     0    00003960    00000078     
                  00003960    0000004f     (.cinit..data.load) [load image, compression = lzss]
                  000039af    00000001     --HOLE-- [fill = 0]
                  000039b0    0000000c     (__TI_handler_table)
                  000039bc    00000004     --HOLE-- [fill = 0]
                  000039c0    00000008     (.cinit..bss.load) [load image, compression = zero_init]
                  000039c8    00000010     (__TI_cinit_table)

.init_array 
*          0    00000000    00000000     UNINITIALIZED

.bss       0    20000000    00002090     UNINITIALIZED
                  20000000    00002000     (.common:sineDacTable)
                  20002000    00000040     (.common:StoredBpsk)
                  20002040    00000020     (.common:StoredQpsk)
                  20002060    00000014     (.common:StoredEpsk)
                  20002074    00000010     (.common:StoredQam)
                  20002084    00000004     (.common:dcI)
                  20002088    00000004     (.common:dcQ)
                  2000208c    00000002     (.common:rawI)
                  2000208e    00000002     (.common:rawQ)

.data      0    20002290    0000007c     UNINITIALIZED
                  20002290    00000025     wireless.obj (.data)
                  200022b5    00000003     --HOLE--
                  200022b8    00000020     wireless.obj (.data:Iepsk)
                  200022d8    00000020     wireless.obj (.data:Qepsk)
                  200022f8    00000008     wireless.obj (.data:Iqpsk)
                  20002300    00000008     wireless.obj (.data:Qqpsk)
                  20002308    00000004     rtsv7M4_T_le_v4SPD16_eabi.lib : errno.c.obj (.data)

.stack     0    20002090    00000200     UNINITIALIZED
                  20002090    00000004     rtsv7M4_T_le_v4SPD16_eabi.lib : boot_cortex_m.c.obj (.stack)
                  20002094    000001fc     --HOLE--

__llvm_prf_cnts 
*          0    20000000    00000000     UNINITIALIZED

MODULE SUMMARY

       Module                         code    ro data   rw data
       ------                         ----    -------   -------
    .\
       wireless.obj                   1784    0         8453   
       gpio.obj                       2056    0         0      
       shell_interface.obj            1336    0         0      
       interface_functions.obj        980     0         0      
       tm4c123gh6pm_startup_ccs.obj   12      620       0      
       uart0.obj                      356     0         0      
       spi1.obj                       352     0         0      
       main.obj                       88      0         0      
       systick.obj                    44      0         0      
       clock.obj                      16      0         0      
    +--+------------------------------+-------+---------+---------+
       Total:                         7024    620       8453   
                                                               
    C:\ti\ccs1281\ccs\tools\compiler\ti-cgt-arm_20.2.7.LTS\lib\rtsv7M4_T_le_v4SPD16_eabi.lib
       k_rem_pio2.c.obj               1848    344       0      
       s_sin.c.obj                    1504    0         0      
       fd_add_t2.asm.obj              438     0         0      
       k_sin.c.obj                    372     0         0      
       k_cos.c.obj                    368     0         0      
       s_scalbn.c.obj                 272     0         0      
       fd_cmp_t2.asm.obj              268     0         0      
       fd_mul_t2.asm.obj              252     0         0      
       s_floor.c.obj                  248     0         0      
       memcpy_t2.asm.obj              156     0         0      
       s_floorf.c.obj                 128     0         0      
       memset_t2.asm.obj              122     0         0      
       fd_tos_t2.asm.obj              110     0         0      
       s_roundf.c.obj                 110     0         0      
       copy_decompress_lzss.c.obj     104     0         0      
       fd_toi_t2.asm.obj              72      0         0      
       autoinit.c.obj                 68      0         0      
       fs_tod_t2.asm.obj              56      0         0      
       boot_cortex_m.c.obj            52      0         0      
       i_tofd_t2.asm.obj              46      0         0      
       ll_lsr_t2.asm.obj              30      0         0      
       s_copysign.c.obj               26      0         0      
       copy_decompress_none.c.obj     14      0         0      
       copy_zero_init.c.obj           12      0         0      
       errno.c.obj                    8       0         4      
       exit.c.obj                     4       0         0      
       pre_init.c.obj                 4       0         0      
    +--+------------------------------+-------+---------+---------+
       Total:                         6692    344       4      
                                                               
       Stack:                         0       0         512    
       Linker Generated:              0       115       0      
    +--+------------------------------+-------+---------+---------+
       Grand Total:                   13716   1079      8969   


LINKER GENERATED COPY TABLES

__TI_cinit_table @ 000039c8 records: 2, size/record: 8, table size: 16
	.data: load addr=00003960, load size=0000004f bytes, run addr=20002290, run size=0000007c bytes, compression=lzss
	.bss: load addr=000039c0, load size=00000008 bytes, run addr=20000000, run size=00002090 bytes, compression=zero_init


LINKER GENERATED HANDLER TABLE

__TI_handler_table @ 000039b0 records: 3, size/record: 4, table size: 12
	index: 0, handler: __TI_decompress_lzss
	index: 1, handler: __TI_decompress_none
	index: 2, handler: __TI_zero_init


GLOBAL SYMBOLS: SORTED ALPHABETICALLY BY Name 

address   name                          
-------   ----                          
00003805  C$$EXIT                       
000026dd  HexToU32                      
00001241  ISR                           
200022b8  Iepsk                         
200022f8  Iqpsk                         
00002605  LenOfStr                      
200022d8  Qepsk                         
20002300  Qqpsk                         
20002296  ReadConstellation             
000037eb  ResetISR                      
20002000  StoredBpsk                    
20002060  StoredEpsk                    
20002074  StoredQam                     
20002040  StoredQpsk                    
00002629  Stringcmpr                    
20002292  SymbolCount                   
20002290  SymbolStored                  
20002290  __STACK_END                   
00000200  __STACK_SIZE                  
20002290  __STACK_TOP                   
000039c8  __TI_CINIT_Base               
000039d8  __TI_CINIT_Limit              
000039b0  __TI_Handler_Table_Base       
000039bc  __TI_Handler_Table_Limit      
0000367d  __TI_auto_init_nobinit_nopinit
00003573  __TI_decompress_lzss          
000037d1  __TI_decompress_none          
ffffffff  __TI_pprof_out_hndl           
ffffffff  __TI_prof_data_size           
ffffffff  __TI_prof_data_start          
00000000  __TI_static_base__            
000037df  __TI_zero_init                
00003291  __aeabi_cdcmpeq               
00003291  __aeabi_cdcmple               
00003317  __aeabi_cdrcmple              
00003505  __aeabi_d2f                   
00003635  __aeabi_d2iz                  
0000279b  __aeabi_dadd                  
00003001  __aeabi_dmul                  
00002791  __aeabi_dsub                  
000037f9  __aeabi_errno_addr            
000036c1  __aeabi_f2d                   
0000372d  __aeabi_i2d                   
00003789  __aeabi_llsr                  
0000341d  __aeabi_memclr                
0000341d  __aeabi_memclr4               
0000341d  __aeabi_memclr8               
000031f5  __aeabi_memcpy                
000031f5  __aeabi_memcpy4               
000031f5  __aeabi_memcpy8               
0000341f  __aeabi_memset                
0000341f  __aeabi_memset4               
0000341f  __aeabi_memset8               
ffffffff  __binit__                     
ffffffff  __c_args__                    
00002abd  __kernel_cos                  
00000a75  __kernel_rem_pio2             
00002949  __kernel_sin                  
UNDEFED   __mpu_init                    
20002090  __stack                       
20000000  __start___llvm_prf_cnts       
20000000  __stop___llvm_prf_cnts        
000036f9  _c_int00_noargs               
UNDEFED   _system_post_cinit            
00003801  _system_pre_init              
00003805  abort                         
ffffffff  binit                         
000015fd  bitSymbol                     
20002298  bpskSymbol                    
000008c1  clearPinInterrupt             
000037a7  copysign                      
000037a7  copysignl                     
20002084  dcI                           
20002088  dcQ                           
200022a4  delta_phase                   
0000089d  disablePinInterrupt           
000005d5  disablePinPulldown            
0000058d  disablePinPullup              
00000329  disablePort                   
00000879  enablePinInterrupt            
000005b1  enablePinPulldown             
0000055f  enablePinPullup               
0000026d  enablePort                    
20002308  errno                         
000030fd  floor                         
0000339d  floorf                        
000030fd  floorl                        
200022a8  freq_o                        
2000229c  frequency                     
00000000  g_pfnVectors                  
00002559  getFieldChar                  
00002519  getFieldInteger               
000025d3  getFieldString                
0000092f  getPinValue                   
000009e5  getPortValue                  
00002d2d  getcUart0                     
000023bd  getsUart0                     
00002d91  initSpi1                      
000037c1  initSystemClockTo40Mhz        
00002c2d  initUart0                     
0000375d  init_SysTick                  
000035dd  intHW                         
0000265f  isCommand                     
00002d41  kbhitUart0                    
000011ef  ldac_off                      
000011e1  ldac_on                       
00002ef1  ldexp                         
00002ef1  ldexpl                        
0000361b  main                          
000031f5  memcpy                        
00003425  memset                        
20002294  mode                          
0000153b  mvToV                         
0000173d  numberTransmitted             
00002439  parseFields                   
200022a0  phase                         
200022b0  phaseCosine                   
200022ac  phaseSine                     
00002ce5  putcUart0                     
00002d01  putsUart0                     
2000208c  rawI                          
2000208e  rawQ                          
00002ecb  readSpi1Data                  
00003497  roundf                        
00002ef1  scalbn                        
00002ef1  scalbnl                       
00000493  selectPinAnalogInput          
00000445  selectPinDigitalInput         
000007af  selectPinInterruptBothEdges   
0000075f  selectPinInterruptFallingEdge 
00000805  selectPinInterruptHighLevel   
0000083f  selectPinInterruptLowLevel    
0000070f  selectPinInterruptRisingEdge  
000003f7  selectPinOpenDrainOutput      
000003a9  selectPinPushPullOutput       
0000157d  sendDacI                      
000015b5  sendDacQ                      
000011ad  setPhase                      
000005fd  setPinAuxFunction             
000004e3  setPinCommitControl           
000008e5  setPinValue                   
0000096d  setPortValue                  
00002e21  setSpi1BaudRate               
00002e57  setSpi1Mode                   
00002ca1  setUart0BaudRate              
00001e85  shell                         
000018a5  sin                           
20000000  sineDacTable                  
00001495  sine_values                   
000018a5  sinl                          
00002599  stringToInt                   
0000090b  togglePinValue                
00001423  voltageToDacCode              
000011fd  writeDacAB                    
00002eb3  writeSpi1Data                 


GLOBAL SYMBOLS: SORTED BY Symbol Address 

address   name                          
-------   ----                          
00000000  __TI_static_base__            
00000000  g_pfnVectors                  
00000200  __STACK_SIZE                  
0000026d  enablePort                    
00000329  disablePort                   
000003a9  selectPinPushPullOutput       
000003f7  selectPinOpenDrainOutput      
00000445  selectPinDigitalInput         
00000493  selectPinAnalogInput          
000004e3  setPinCommitControl           
0000055f  enablePinPullup               
0000058d  disablePinPullup              
000005b1  enablePinPulldown             
000005d5  disablePinPulldown            
000005fd  setPinAuxFunction             
0000070f  selectPinInterruptRisingEdge  
0000075f  selectPinInterruptFallingEdge 
000007af  selectPinInterruptBothEdges   
00000805  selectPinInterruptHighLevel   
0000083f  selectPinInterruptLowLevel    
00000879  enablePinInterrupt            
0000089d  disablePinInterrupt           
000008c1  clearPinInterrupt             
000008e5  setPinValue                   
0000090b  togglePinValue                
0000092f  getPinValue                   
0000096d  setPortValue                  
000009e5  getPortValue                  
00000a75  __kernel_rem_pio2             
000011ad  setPhase                      
000011e1  ldac_on                       
000011ef  ldac_off                      
000011fd  writeDacAB                    
00001241  ISR                           
00001423  voltageToDacCode              
00001495  sine_values                   
0000153b  mvToV                         
0000157d  sendDacI                      
000015b5  sendDacQ                      
000015fd  bitSymbol                     
0000173d  numberTransmitted             
000018a5  sin                           
000018a5  sinl                          
00001e85  shell                         
000023bd  getsUart0                     
00002439  parseFields                   
00002519  getFieldInteger               
00002559  getFieldChar                  
00002599  stringToInt                   
000025d3  getFieldString                
00002605  LenOfStr                      
00002629  Stringcmpr                    
0000265f  isCommand                     
000026dd  HexToU32                      
00002791  __aeabi_dsub                  
0000279b  __aeabi_dadd                  
00002949  __kernel_sin                  
00002abd  __kernel_cos                  
00002c2d  initUart0                     
00002ca1  setUart0BaudRate              
00002ce5  putcUart0                     
00002d01  putsUart0                     
00002d2d  getcUart0                     
00002d41  kbhitUart0                    
00002d91  initSpi1                      
00002e21  setSpi1BaudRate               
00002e57  setSpi1Mode                   
00002eb3  writeSpi1Data                 
00002ecb  readSpi1Data                  
00002ef1  ldexp                         
00002ef1  ldexpl                        
00002ef1  scalbn                        
00002ef1  scalbnl                       
00003001  __aeabi_dmul                  
000030fd  floor                         
000030fd  floorl                        
000031f5  __aeabi_memcpy                
000031f5  __aeabi_memcpy4               
000031f5  __aeabi_memcpy8               
000031f5  memcpy                        
00003291  __aeabi_cdcmpeq               
00003291  __aeabi_cdcmple               
00003317  __aeabi_cdrcmple              
0000339d  floorf                        
0000341d  __aeabi_memclr                
0000341d  __aeabi_memclr4               
0000341d  __aeabi_memclr8               
0000341f  __aeabi_memset                
0000341f  __aeabi_memset4               
0000341f  __aeabi_memset8               
00003425  memset                        
00003497  roundf                        
00003505  __aeabi_d2f                   
00003573  __TI_decompress_lzss          
000035dd  intHW                         
0000361b  main                          
00003635  __aeabi_d2iz                  
0000367d  __TI_auto_init_nobinit_nopinit
000036c1  __aeabi_f2d                   
000036f9  _c_int00_noargs               
0000372d  __aeabi_i2d                   
0000375d  init_SysTick                  
00003789  __aeabi_llsr                  
000037a7  copysign                      
000037a7  copysignl                     
000037c1  initSystemClockTo40Mhz        
000037d1  __TI_decompress_none          
000037df  __TI_zero_init                
000037eb  ResetISR                      
000037f9  __aeabi_errno_addr            
00003801  _system_pre_init              
00003805  C$$EXIT                       
00003805  abort                         
000039b0  __TI_Handler_Table_Base       
000039bc  __TI_Handler_Table_Limit      
000039c8  __TI_CINIT_Base               
000039d8  __TI_CINIT_Limit              
20000000  __start___llvm_prf_cnts       
20000000  __stop___llvm_prf_cnts        
20000000  sineDacTable                  
20002000  StoredBpsk                    
20002040  StoredQpsk                    
20002060  StoredEpsk                    
20002074  StoredQam                     
20002084  dcI                           
20002088  dcQ                           
2000208c  rawI                          
2000208e  rawQ                          
20002090  __stack                       
20002290  SymbolStored                  
20002290  __STACK_END                   
20002290  __STACK_TOP                   
20002292  SymbolCount                   
20002294  mode                          
20002296  ReadConstellation             
20002298  bpskSymbol                    
2000229c  frequency                     
200022a0  phase                         
200022a4  delta_phase                   
200022a8  freq_o                        
200022ac  phaseSine                     
200022b0  phaseCosine                   
200022b8  Iepsk                         
200022d8  Qepsk                         
200022f8  Iqpsk                         
20002300  Qqpsk                         
20002308  errno                         
ffffffff  __TI_pprof_out_hndl           
ffffffff  __TI_prof_data_size           
ffffffff  __TI_prof_data_start          
ffffffff  __binit__                     
ffffffff  __c_args__                    
ffffffff  binit                         
UNDEFED   __mpu_init                    
UNDEFED   _system_post_cinit            

[155 symbols]
