******************************************************************************
                  TI ARM Linker PC v20.2.7                     
******************************************************************************
>> Linked Tue Feb 17 10:18:37 2026

OUTPUT FILE NAME:   <wireless.out>
ENTRY POINT SYMBOL: "_c_int00_noargs"  address: 00003085


MEMORY CONFIGURATION

         name            origin    length      used     unused   attr    fill
----------------------  --------  ---------  --------  --------  ----  --------
  FLASH                 00000000   00040000  00003310  0003ccf0  R  X
  SRAM                  20000000   00008000  00002234  00005dcc  RW X


SEGMENT ALLOCATION MAP

run origin  load origin   length   init length attrs members
----------  ----------- ---------- ----------- ----- -------
00000000    00000000    00003310   00003310    r-x
  00000000    00000000    0000026c   0000026c    r-- .intvecs
  0000026c    0000026c    00002f0c   00002f0c    r-x .text
  00003178    00003178    00000158   00000158    r-- .const
  000032d0    000032d0    00000040   00000040    r-- .cinit
20000000    20000000    00002238   00000000    rw-
  20000000    20000000    00002014   00000000    rw- .bss
  20002018    20002018    00000200   00000000    rw- .stack
  20002218    20002218    00000020   00000000    rw- .data


SECTION ALLOCATION MAP

 output                                  attributes/
section   page    origin      length       input sections
--------  ----  ----------  ----------   ----------------
.intvecs   0    00000000    0000026c     
                  00000000    0000026c     tm4c123gh6pm_startup_ccs.obj (.intvecs)

.text      0    0000026c    00002f0c     
                  0000026c    00000808     gpio.obj (.text)
                  00000a74    00000738     rtsv7M4_T_le_v4SPD16_eabi.lib : k_rem_pio2.c.obj (.text:__kernel_rem_pio2)
                  000011ac    00000670     shell_interface.obj (.text)
                  0000181c    000005e0     rtsv7M4_T_le_v4SPD16_eabi.lib : s_sin.c.obj (.text:sin)
                  00001dfc    00000320     interface_functions.obj (.text)
                  0000211c    000001b6     rtsv7M4_T_le_v4SPD16_eabi.lib : fd_add_t2.asm.obj (.text)
                  000022d2    00000002     --HOLE-- [fill = 0]
                  000022d4    00000174                                   : k_sin.c.obj (.text:__kernel_sin)
                  00002448    00000170                                   : k_cos.c.obj (.text:__kernel_cos)
                  000025b8    00000164     uart0.obj (.text)
                  0000271c    00000160     spi1.obj (.text)
                  0000287c    00000110     rtsv7M4_T_le_v4SPD16_eabi.lib : s_scalbn.c.obj (.text:scalbn)
                  0000298c    000000fc                                   : fd_mul_t2.asm.obj (.text)
                  00002a88    000000f8                                   : s_floor.c.obj (.text:floor)
                  00002b80    0000009c                                   : memcpy_t2.asm.obj (.text)
                  00002c1c    00000086                                   : fd_cmp_t2.asm.obj (.text:__aeabi_cdcmple)
                  00002ca2    00000086                                   : fd_cmp_t2.asm.obj (.text:__aeabi_cdrcmple)
                  00002d28    00000080                                   : s_floorf.c.obj (.text:floorf)
                  00002da8    0000007a                                   : memset_t2.asm.obj (.text)
                  00002e22    0000006e                                   : s_roundf.c.obj (.text:roundf)
                  00002e90    0000006e                                   : fd_tos_t2.asm.obj (.text)
                  00002efe    00000068                                   : copy_decompress_lzss.c.obj (.text:decompress:lzss:__TI_decompress_lzss)
                  00002f66    00000002     --HOLE-- [fill = 0]
                  00002f68    00000058     main.obj (.text)
                  00002fc0    00000048     rtsv7M4_T_le_v4SPD16_eabi.lib : fd_toi_t2.asm.obj (.text)
                  00003008    00000044                                   : autoinit.c.obj (.text:__TI_auto_init_nobinit_nopinit:__TI_auto_init_nobinit_nopinit)
                  0000304c    00000038                                   : fs_tod_t2.asm.obj (.text)
                  00003084    00000034                                   : boot_cortex_m.c.obj (.text:_c_int00_noargs:_c_int00_noargs)
                  000030b8    0000002e                                   : i_tofd_t2.asm.obj (.text)
                  000030e6    00000002     --HOLE-- [fill = 0]
                  000030e8    0000002c     systick.obj (.text)
                  00003114    0000001a     rtsv7M4_T_le_v4SPD16_eabi.lib : s_copysign.c.obj (.text:copysign)
                  0000312e    00000002     --HOLE-- [fill = 0]
                  00003130    00000010     clock.obj (.text)
                  00003140    0000000e     rtsv7M4_T_le_v4SPD16_eabi.lib : copy_decompress_none.c.obj (.text:decompress:none:__TI_decompress_none)
                  0000314e    0000000c                                   : copy_zero_init.c.obj (.text:decompress:ZI:__TI_zero_init)
                  0000315a    0000000c     tm4c123gh6pm_startup_ccs.obj (.text)
                  00003166    00000002     --HOLE-- [fill = 0]
                  00003168    00000008     rtsv7M4_T_le_v4SPD16_eabi.lib : errno.c.obj (.text:__aeabi_errno_addr)
                  00003170    00000004                                   : pre_init.c.obj (.text:_system_pre_init)
                  00003174    00000004                                   : exit.c.obj (.text:abort:abort)

.const     0    00003178    00000158     
                  00003178    00000158     rtsv7M4_T_le_v4SPD16_eabi.lib : k_rem_pio2.c.obj (.const:$O1$$)

.cinit     0    000032d0    00000040     
                  000032d0    00000015     (.cinit..data.load) [load image, compression = lzss]
                  000032e5    00000003     --HOLE-- [fill = 0]
                  000032e8    0000000c     (__TI_handler_table)
                  000032f4    00000004     --HOLE-- [fill = 0]
                  000032f8    00000008     (.cinit..bss.load) [load image, compression = zero_init]
                  00003300    00000010     (__TI_cinit_table)

.init_array 
*          0    00000000    00000000     UNINITIALIZED

.bss       0    20000000    00002014     UNINITIALIZED
                  20000000    00002000     (.common:sineDacTable)
                  20002000    00000008     (.common:StoredBpsk)
                  20002008    00000004     (.common:dcI)
                  2000200c    00000004     (.common:dcQ)
                  20002010    00000002     (.common:rawI)
                  20002012    00000002     (.common:rawQ)

.data      0    20002218    00000020     UNINITIALIZED
                  20002218    0000001c     shell_interface.obj (.data)
                  20002234    00000004     rtsv7M4_T_le_v4SPD16_eabi.lib : errno.c.obj (.data)

.stack     0    20002018    00000200     UNINITIALIZED
                  20002018    00000004     rtsv7M4_T_le_v4SPD16_eabi.lib : boot_cortex_m.c.obj (.stack)
                  2000201c    000001fc     --HOLE--

__llvm_prf_cnts 
*          0    20000000    00000000     UNINITIALIZED

MODULE SUMMARY

       Module                         code    ro data   rw data
       ------                         ----    -------   -------
    .\
       shell_interface.obj            1648    0         8228   
       gpio.obj                       2056    0         0      
       interface_functions.obj        800     0         0      
       tm4c123gh6pm_startup_ccs.obj   12      620       0      
       uart0.obj                      356     0         0      
       spi1.obj                       352     0         0      
       main.obj                       88      0         12     
       systick.obj                    44      0         0      
       clock.obj                      16      0         0      
    +--+------------------------------+-------+---------+---------+
       Total:                         5372    620       8240   
                                                               
    C:\ti\ccs1281\ccs\tools\compiler\ti-cgt-arm_20.2.7.LTS\lib\rtsv7M4_T_le_v4SPD16_eabi.lib
       k_rem_pio2.c.obj               1848    344       0      
       s_sin.c.obj                    1504    0         0      
       fd_add_t2.asm.obj              438     0         0      
       k_sin.c.obj                    372     0         0      
       k_cos.c.obj                    368     0         0      
       s_scalbn.c.obj                 272     0         0      
       fd_cmp_t2.asm.obj              268     0         0      
       fd_mul_t2.asm.obj              252     0         0      
       s_floor.c.obj                  248     0         0      
       memcpy_t2.asm.obj              156     0         0      
       s_floorf.c.obj                 128     0         0      
       memset_t2.asm.obj              122     0         0      
       fd_tos_t2.asm.obj              110     0         0      
       s_roundf.c.obj                 110     0         0      
       copy_decompress_lzss.c.obj     104     0         0      
       fd_toi_t2.asm.obj              72      0         0      
       autoinit.c.obj                 68      0         0      
       fs_tod_t2.asm.obj              56      0         0      
       boot_cortex_m.c.obj            52      0         0      
       i_tofd_t2.asm.obj              46      0         0      
       s_copysign.c.obj               26      0         0      
       copy_decompress_none.c.obj     14      0         0      
       copy_zero_init.c.obj           12      0         0      
       errno.c.obj                    8       0         4      
       exit.c.obj                     4       0         0      
       pre_init.c.obj                 4       0         0      
    +--+------------------------------+-------+---------+---------+
       Total:                         6662    344       4      
                                                               
       Stack:                         0       0         512    
       Linker Generated:              0       57        0      
    +--+------------------------------+-------+---------+---------+
       Grand Total:                   12034   1021      8756   


LINKER GENERATED COPY TABLES

__TI_cinit_table @ 00003300 records: 2, size/record: 8, table size: 16
	.data: load addr=000032d0, load size=00000015 bytes, run addr=20002218, run size=00000020 bytes, compression=lzss
	.bss: load addr=000032f8, load size=00000008 bytes, run addr=20000000, run size=00002014 bytes, compression=zero_init


LINKER GENERATED HANDLER TABLE

__TI_handler_table @ 000032e8 records: 3, size/record: 4, table size: 12
	index: 0, handler: __TI_decompress_lzss
	index: 1, handler: __TI_decompress_none
	index: 2, handler: __TI_zero_init


GLOBAL SYMBOLS: SORTED ALPHABETICALLY BY Name 

address   name                          
-------   ----                          
00003175  C$$EXIT                       
00001241  ISR                           
00002045  LenOfStr                      
0000315b  ResetISR                      
20002000  StoredBpsk                    
00002069  Stringcmpr                    
20002218  __STACK_END                   
00000200  __STACK_SIZE                  
20002218  __STACK_TOP                   
00003300  __TI_CINIT_Base               
00003310  __TI_CINIT_Limit              
000032e8  __TI_Handler_Table_Base       
000032f4  __TI_Handler_Table_Limit      
00003009  __TI_auto_init_nobinit_nopinit
00002eff  __TI_decompress_lzss          
00003141  __TI_decompress_none          
ffffffff  __TI_pprof_out_hndl           
ffffffff  __TI_prof_data_size           
ffffffff  __TI_prof_data_start          
00000000  __TI_static_base__            
0000314f  __TI_zero_init                
00002c1d  __aeabi_cdcmpeq               
00002c1d  __aeabi_cdcmple               
00002ca3  __aeabi_cdrcmple              
00002e91  __aeabi_d2f                   
00002fc1  __aeabi_d2iz                  
00002127  __aeabi_dadd                  
0000298d  __aeabi_dmul                  
0000211d  __aeabi_dsub                  
00003169  __aeabi_errno_addr            
0000304d  __aeabi_f2d                   
000030b9  __aeabi_i2d                   
00002da9  __aeabi_memclr                
00002da9  __aeabi_memclr4               
00002da9  __aeabi_memclr8               
00002b81  __aeabi_memcpy                
00002b81  __aeabi_memcpy4               
00002b81  __aeabi_memcpy8               
00002dab  __aeabi_memset                
00002dab  __aeabi_memset4               
00002dab  __aeabi_memset8               
ffffffff  __binit__                     
ffffffff  __c_args__                    
00002449  __kernel_cos                  
00000a75  __kernel_rem_pio2             
000022d5  __kernel_sin                  
UNDEFED   __mpu_init                    
20002018  __stack                       
20000000  __start___llvm_prf_cnts       
20000000  __stop___llvm_prf_cnts        
00003085  _c_int00_noargs               
UNDEFED   _system_post_cinit            
00003171  _system_pre_init              
00003175  abort                         
ffffffff  binit                         
00001491  bitSymbol                     
20002218  bpskSymbol                    
000008c1  clearPinInterrupt             
00003115  copysign                      
00003115  copysignl                     
20002008  dcI                           
2000200c  dcQ                           
20002224  delta_phase                   
0000089d  disablePinInterrupt           
000005d5  disablePinPulldown            
0000058d  disablePinPullup              
00000329  disablePort                   
00000879  enablePinInterrupt            
000005b1  enablePinPulldown             
0000055f  enablePinPullup               
0000026d  enablePort                    
20002234  errno                         
00002a89  floor                         
00002d29  floorf                        
00002a89  floorl                        
20002228  freq_o                        
2000221c  frequency                     
00000000  g_pfnVectors                  
00001f99  getFieldChar                  
00001f59  getFieldInteger               
00002013  getFieldString                
0000092f  getPinValue                   
000009e5  getPortValue                  
000026b9  getcUart0                     
00001dfd  getsUart0                     
0000271d  initSpi1                      
00003131  initSystemClockTo40Mhz        
000025b9  initUart0                     
000030e9  init_SysTick                  
00002f69  intHW                         
0000209f  isCommand                     
000026cd  kbhitUart0                    
000011ef  ldac_off                      
000011e1  ldac_on                       
0000287d  ldexp                         
0000287d  ldexpl                        
00002fa7  main                          
00002b81  memcpy                        
00002db1  memset                        
2000221a  mode                          
0000140b  mvToV                         
00001e79  parseFields                   
20002220  phase                         
20002230  phaseCosine                   
2000222c  phaseSine                     
00002671  putcUart0                     
0000268d  putsUart0                     
20002010  rawI                          
20002012  rawQ                          
00002857  readSpi1Data                  
00002e23  roundf                        
0000287d  scalbn                        
0000287d  scalbnl                       
00000493  selectPinAnalogInput          
00000445  selectPinDigitalInput         
000007af  selectPinInterruptBothEdges   
0000075f  selectPinInterruptFallingEdge 
00000805  selectPinInterruptHighLevel   
0000083f  selectPinInterruptLowLevel    
0000070f  selectPinInterruptRisingEdge  
000003f7  selectPinOpenDrainOutput      
000003a9  selectPinPushPullOutput       
00001439  sendDacI                      
00001465  sendDacQ                      
000011ad  setPhase                      
000005fd  setPinAuxFunction             
000004e3  setPinCommitControl           
000008e5  setPinValue                   
0000096d  setPortValue                  
000027ad  setSpi1BaudRate               
000027e3  setSpi1Mode                   
0000262d  setUart0BaudRate              
0000152d  shell                         
0000181d  sin                           
20000000  sineDacTable                  
00001365  sine_values                   
0000181d  sinl                          
00001fd9  stringToInt                   
0000090b  togglePinValue                
00001303  voltageToDacCode              
000011fd  writeDacAB                    
0000283f  writeSpi1Data                 


GLOBAL SYMBOLS: SORTED BY Symbol Address 

address   name                          
-------   ----                          
00000000  __TI_static_base__            
00000000  g_pfnVectors                  
00000200  __STACK_SIZE                  
0000026d  enablePort                    
00000329  disablePort                   
000003a9  selectPinPushPullOutput       
000003f7  selectPinOpenDrainOutput      
00000445  selectPinDigitalInput         
00000493  selectPinAnalogInput          
000004e3  setPinCommitControl           
0000055f  enablePinPullup               
0000058d  disablePinPullup              
000005b1  enablePinPulldown             
000005d5  disablePinPulldown            
000005fd  setPinAuxFunction             
0000070f  selectPinInterruptRisingEdge  
0000075f  selectPinInterruptFallingEdge 
000007af  selectPinInterruptBothEdges   
00000805  selectPinInterruptHighLevel   
0000083f  selectPinInterruptLowLevel    
00000879  enablePinInterrupt            
0000089d  disablePinInterrupt           
000008c1  clearPinInterrupt             
000008e5  setPinValue                   
0000090b  togglePinValue                
0000092f  getPinValue                   
0000096d  setPortValue                  
000009e5  getPortValue                  
00000a75  __kernel_rem_pio2             
000011ad  setPhase                      
000011e1  ldac_on                       
000011ef  ldac_off                      
000011fd  writeDacAB                    
00001241  ISR                           
00001303  voltageToDacCode              
00001365  sine_values                   
0000140b  mvToV                         
00001439  sendDacI                      
00001465  sendDacQ                      
00001491  bitSymbol                     
0000152d  shell                         
0000181d  sin                           
0000181d  sinl                          
00001dfd  getsUart0                     
00001e79  parseFields                   
00001f59  getFieldInteger               
00001f99  getFieldChar                  
00001fd9  stringToInt                   
00002013  getFieldString                
00002045  LenOfStr                      
00002069  Stringcmpr                    
0000209f  isCommand                     
0000211d  __aeabi_dsub                  
00002127  __aeabi_dadd                  
000022d5  __kernel_sin                  
00002449  __kernel_cos                  
000025b9  initUart0                     
0000262d  setUart0BaudRate              
00002671  putcUart0                     
0000268d  putsUart0                     
000026b9  getcUart0                     
000026cd  kbhitUart0                    
0000271d  initSpi1                      
000027ad  setSpi1BaudRate               
000027e3  setSpi1Mode                   
0000283f  writeSpi1Data                 
00002857  readSpi1Data                  
0000287d  ldexp                         
0000287d  ldexpl                        
0000287d  scalbn                        
0000287d  scalbnl                       
0000298d  __aeabi_dmul                  
00002a89  floor                         
00002a89  floorl                        
00002b81  __aeabi_memcpy                
00002b81  __aeabi_memcpy4               
00002b81  __aeabi_memcpy8               
00002b81  memcpy                        
00002c1d  __aeabi_cdcmpeq               
00002c1d  __aeabi_cdcmple               
00002ca3  __aeabi_cdrcmple              
00002d29  floorf                        
00002da9  __aeabi_memclr                
00002da9  __aeabi_memclr4               
00002da9  __aeabi_memclr8               
00002dab  __aeabi_memset                
00002dab  __aeabi_memset4               
00002dab  __aeabi_memset8               
00002db1  memset                        
00002e23  roundf                        
00002e91  __aeabi_d2f                   
00002eff  __TI_decompress_lzss          
00002f69  intHW                         
00002fa7  main                          
00002fc1  __aeabi_d2iz                  
00003009  __TI_auto_init_nobinit_nopinit
0000304d  __aeabi_f2d                   
00003085  _c_int00_noargs               
000030b9  __aeabi_i2d                   
000030e9  init_SysTick                  
00003115  copysign                      
00003115  copysignl                     
00003131  initSystemClockTo40Mhz        
00003141  __TI_decompress_none          
0000314f  __TI_zero_init                
0000315b  ResetISR                      
00003169  __aeabi_errno_addr            
00003171  _system_pre_init              
00003175  C$$EXIT                       
00003175  abort                         
000032e8  __TI_Handler_Table_Base       
000032f4  __TI_Handler_Table_Limit      
00003300  __TI_CINIT_Base               
00003310  __TI_CINIT_Limit              
20000000  __start___llvm_prf_cnts       
20000000  __stop___llvm_prf_cnts        
20000000  sineDacTable                  
20002000  StoredBpsk                    
20002008  dcI                           
2000200c  dcQ                           
20002010  rawI                          
20002012  rawQ                          
20002018  __stack                       
20002218  __STACK_END                   
20002218  __STACK_TOP                   
20002218  bpskSymbol                    
2000221a  mode                          
2000221c  frequency                     
20002220  phase                         
20002224  delta_phase                   
20002228  freq_o                        
2000222c  phaseSine                     
20002230  phaseCosine                   
20002234  errno                         
ffffffff  __TI_pprof_out_hndl           
ffffffff  __TI_prof_data_size           
ffffffff  __TI_prof_data_start          
ffffffff  __binit__                     
ffffffff  __c_args__                    
ffffffff  binit                         
UNDEFED   __mpu_init                    
UNDEFED   _system_post_cinit            

[142 symbols]
